------------------------------------------------------------
TimeQuest Timing Analyzer Summary
------------------------------------------------------------

Type  : Slow Model Setup 'NiosVideo|clock_signals|DE_Clock_Generator_System|pll|clk[0]'
Slack : 5.187
TNS   : 0.000

Type  : Slow Model Setup 'NiosVideo|clock_signals|DE_Clock_Generator_System|pll|clk[2]'
Slack : 33.355
TNS   : 0.000

Type  : Slow Model Hold 'NiosVideo|clock_signals|DE_Clock_Generator_System|pll|clk[0]'
Slack : 0.391
TNS   : 0.000

Type  : Slow Model Hold 'NiosVideo|clock_signals|DE_Clock_Generator_System|pll|clk[2]'
Slack : 0.391
TNS   : 0.000

Type  : Slow Model Recovery 'NiosVideo|clock_signals|DE_Clock_Generator_System|pll|clk[0]'
Slack : 5.326
TNS   : 0.000

Type  : Slow Model Recovery 'NiosVideo|clock_signals|DE_Clock_Generator_System|pll|clk[2]'
Slack : 18.276
TNS   : 0.000

Type  : Slow Model Removal 'NiosVideo|clock_signals|DE_Clock_Generator_System|pll|clk[0]'
Slack : 1.506
TNS   : 0.000

Type  : Slow Model Removal 'NiosVideo|clock_signals|DE_Clock_Generator_System|pll|clk[2]'
Slack : 21.209
TNS   : 0.000

Type  : Slow Model Minimum Pulse Width 'NiosVideo|clock_signals|DE_Clock_Generator_System|pll|clk[0]'
Slack : 7.873
TNS   : 0.000

Type  : Slow Model Minimum Pulse Width 'system_clock'
Slack : 10.000
TNS   : 0.000

Type  : Slow Model Minimum Pulse Width 'NiosVideo|clock_signals|DE_Clock_Generator_System|pll|clk[2]'
Slack : 17.873
TNS   : 0.000

Type  : Slow Model Minimum Pulse Width 'altera_reserved_tck'
Slack : 97.778
TNS   : 0.000

Type  : Fast Model Setup 'NiosVideo|clock_signals|DE_Clock_Generator_System|pll|clk[0]'
Slack : 8.238
TNS   : 0.000

Type  : Fast Model Setup 'NiosVideo|clock_signals|DE_Clock_Generator_System|pll|clk[2]'
Slack : 36.408
TNS   : 0.000

Type  : Fast Model Hold 'NiosVideo|clock_signals|DE_Clock_Generator_System|pll|clk[0]'
Slack : 0.215
TNS   : 0.000

Type  : Fast Model Hold 'NiosVideo|clock_signals|DE_Clock_Generator_System|pll|clk[2]'
Slack : 0.215
TNS   : 0.000

Type  : Fast Model Recovery 'NiosVideo|clock_signals|DE_Clock_Generator_System|pll|clk[0]'
Slack : 7.368
TNS   : 0.000

Type  : Fast Model Recovery 'NiosVideo|clock_signals|DE_Clock_Generator_System|pll|clk[2]'
Slack : 19.087
TNS   : 0.000

Type  : Fast Model Removal 'NiosVideo|clock_signals|DE_Clock_Generator_System|pll|clk[0]'
Slack : 0.794
TNS   : 0.000

Type  : Fast Model Removal 'NiosVideo|clock_signals|DE_Clock_Generator_System|pll|clk[2]'
Slack : 20.662
TNS   : 0.000

Type  : Fast Model Minimum Pulse Width 'NiosVideo|clock_signals|DE_Clock_Generator_System|pll|clk[0]'
Slack : 7.873
TNS   : 0.000

Type  : Fast Model Minimum Pulse Width 'system_clock'
Slack : 10.000
TNS   : 0.000

Type  : Fast Model Minimum Pulse Width 'NiosVideo|clock_signals|DE_Clock_Generator_System|pll|clk[2]'
Slack : 17.873
TNS   : 0.000

Type  : Fast Model Minimum Pulse Width 'altera_reserved_tck'
Slack : 97.778
TNS   : 0.000

------------------------------------------------------------
