Info: Starting: Create block symbol file (.bsf)
Info: ip-generate --project-directory=Y:/Desktop/ETDSPC/BarCode_pixel_scan/SOPC_edge/ --output-directory=Y:/Desktop/ETDSPC/BarCode_pixel_scan/SOPC_edge/SOPC_Video/ --report-file=bsf:Y:/Desktop/ETDSPC/BarCode_pixel_scan/SOPC_edge/SOPC_Video.bsf --system-info=DEVICE_FAMILY="Cyclone II" --system-info=DEVICE=EP2C35F672C6 --system-info=DEVICE_SPEEDGRADE=6 --component-file=Y:/Desktop/ETDSPC/BarCode_pixel_scan/SOPC_edge/SOPC_Video.qsys
Progress: Loading SOPC_edge/SOPC_Video.qsys
Progress: Reading input file
Progress: Adding clk_0 [clock_source 13.0]
Progress: Parameterizing module clk_0
Progress: Adding Onchip_Memory [altera_avalon_onchip_memory2 13.0.1.99.2]
Progress: Parameterizing module Onchip_Memory
Progress: Adding Dual_Clock_FIFO [altera_up_avalon_video_dual_clock_buffer 13.0]
Progress: Parameterizing module Dual_Clock_FIFO
Progress: Adding Pixel_Buffer [altera_up_avalon_sram 13.0]
Progress: Parameterizing module Pixel_Buffer
Progress: Adding Pixel_Buffer_DMA [altera_up_avalon_video_pixel_buffer_dma 13.0]
Progress: Parameterizing module Pixel_Buffer_DMA
Progress: Adding Pixel_RGB_Resampler [altera_up_avalon_video_rgb_resampler 13.0]
Progress: Parameterizing module Pixel_RGB_Resampler
Progress: Adding VGA_Controller [altera_up_avalon_video_vga_controller 13.0]
Progress: Parameterizing module VGA_Controller
Progress: Adding Video_In_Decoder [altera_up_avalon_video_decoder 13.0]
Progress: Parameterizing module Video_In_Decoder
Progress: Adding Video_DMA [altera_up_avalon_video_dma_controller 13.0]
Progress: Parameterizing module Video_DMA
Progress: Adding AV_Config [altera_up_avalon_audio_and_video_config 13.0]
Progress: Parameterizing module AV_Config
Progress: Adding CPU [altera_nios2_qsys 13.0]
Progress: Parameterizing module CPU
Progress: Adding Clock_Signals [altera_up_clocks 13.0]
Progress: Parameterizing module Clock_Signals
Progress: Adding jtag_uart_0 [altera_avalon_jtag_uart 13.0.1.99.2]
Progress: Parameterizing module jtag_uart_0
Progress: Adding clk_vga [clock_source 13.0]
Progress: Parameterizing module clk_vga
Progress: Adding video_bayer_resampler [altera_up_avalon_video_bayer_resampler 13.0]
Progress: Parameterizing module video_bayer_resampler
Progress: Adding video_clipper_0 [altera_up_avalon_video_clipper 13.0]
Progress: Parameterizing module video_clipper_0
Progress: Adding video_scaler_0 [altera_up_avalon_video_scaler 13.0]
Progress: Parameterizing module video_scaler_0
Progress: Adding video_rgb_resampler_0 [altera_up_avalon_video_rgb_resampler 13.0]
Progress: Parameterizing module video_rgb_resampler_0
Progress: Adding sysid_qsys_0 [altera_avalon_sysid_qsys 13.0]
Progress: Parameterizing module sysid_qsys_0
Progress: Adding sdram_0 [altera_avalon_new_sdram_controller 13.0.1.99.2]
Progress: Parameterizing module sdram_0
Progress: Adding timer_system [altera_avalon_timer 13.0.1.99.2]
Progress: Parameterizing module timer_system
Progress: Adding timer_timestamp [altera_avalon_timer 13.0.1.99.2]
Progress: Parameterizing module timer_timestamp
Progress: Adding lcd [altera_avalon_lcd_16207 13.0.1.99.2]
Progress: Parameterizing module lcd
Progress: Adding red_leds [altera_avalon_pio 13.0.1.99.2]
Progress: Parameterizing module red_leds
Progress: Adding green_leds [altera_avalon_pio 13.0.1.99.2]
Progress: Parameterizing module green_leds
Progress: Adding switch [altera_avalon_pio 13.0.1.99.2]
Progress: Parameterizing module switch
Progress: Adding nios_custom_instr_floating_point_0 [altera_nios_custom_instr_floating_point 13.0]
Progress: Parameterizing module nios_custom_instr_floating_point_0
Progress: Adding Altera_UP_SD_Card_Avalon_Interface_0 [Altera_UP_SD_Card_Avalon_Interface 13.0]
Progress: Parameterizing module Altera_UP_SD_Card_Avalon_Interface_0
Progress: Adding SobleEdge_0 [SobleEdge 1.0]
Progress: Parameterizing module SobleEdge_0
Progress: Adding Barcode_scan_0 [Barcode_scan 1.0]
Progress: Parameterizing module Barcode_scan_0
Progress: Building connections
Progress: Parameterizing connections
Progress: Validating
Progress: Done reading input file
Info: SOPC_Video.Pixel_RGB_Resampler: RGB Resampling: 8 (bits) x 1 (planes) -> 10 (bits) x 3 (planes)
Info: SOPC_Video.VGA_Controller: Video Output Stream: Format: 640 x 480 with Color: 10 (bits) x 3 (planes)
Info: SOPC_Video.Video_In_Decoder: Video In Stream: Format: 2592 x 1944 (default) with Colour: 8 (bits) x 1 (planes) (RGB Bayer Pattern)
Info: SOPC_Video.CPU: CPUID control register value is 0. Please manually assign CPUID if creating multiple Nios II system
Info: SOPC_Video.video_bayer_resampler: Change in Resolution: 2592 x 1944 -> 1296 x 972
Info: SOPC_Video.video_clipper_0: Change in Resolution: 1296 x 972 -> 1280 x 960
Info: SOPC_Video.video_scaler_0: Change in Resolution: 1280 x 960 -> 640 x 480
Info: SOPC_Video.video_rgb_resampler_0: RGB Resampling: 8 (bits) x 3 (planes) -> 8 (bits) x 1 (planes)
Info: SOPC_Video.sysid_qsys_0: System ID is not assigned automatically. Edit the System ID parameter to provide a unique ID
Info: SOPC_Video.sysid_qsys_0: Time stamp will be automatically updated when this component is generated.
Info: SOPC_Video.switch: PIO inputs are not hardwired in test bench. Undefined values will be read from PIO inputs during simulation.
Info: SOPC_Video.Barcode_scan_0.avalon_streaming_source/video_scaler_0.avalon_scaler_sink: The width of the data signal from the source is 8 bits, but is 24 bits to the sink. Avalon Streaming Transform will be executed.
Info: SOPC_Video.video_scaler_0.avalon_scaler_source/Video_DMA.avalon_dma_sink: The width of the data signal from the source is 24 bits, but is 8 bits to the sink. Avalon Streaming Transform will be executed.
Info: ip-generate succeeded.
Info: Finished: Create block symbol file (.bsf)
Info: 
Info: Starting: Create HDL design files for synthesis
Info: ip-generate --project-directory=Y:/Desktop/ETDSPC/BarCode_pixel_scan/SOPC_edge/ --output-directory=Y:/Desktop/ETDSPC/BarCode_pixel_scan/SOPC_edge/SOPC_Video/synthesis/ --file-set=QUARTUS_SYNTH --report-file=sopcinfo:Y:/Desktop/ETDSPC/BarCode_pixel_scan/SOPC_edge/SOPC_Video.sopcinfo --report-file=html:Y:/Desktop/ETDSPC/BarCode_pixel_scan/SOPC_edge/SOPC_Video.html --report-file=qip:Y:/Desktop/ETDSPC/BarCode_pixel_scan/SOPC_edge/SOPC_Video/synthesis/SOPC_Video.qip --report-file=cmp:Y:/Desktop/ETDSPC/BarCode_pixel_scan/SOPC_edge/SOPC_Video.cmp --report-file=svd --system-info=DEVICE_FAMILY="Cyclone II" --system-info=DEVICE=EP2C35F672C6 --system-info=DEVICE_SPEEDGRADE=6 --component-file=Y:/Desktop/ETDSPC/BarCode_pixel_scan/SOPC_edge/SOPC_Video.qsys --language=VHDL
Progress: Loading SOPC_edge/SOPC_Video.qsys
Progress: Reading input file
Progress: Adding clk_0 [clock_source 13.0]
Progress: Parameterizing module clk_0
Progress: Adding Onchip_Memory [altera_avalon_onchip_memory2 13.0.1.99.2]
Progress: Parameterizing module Onchip_Memory
Progress: Adding Dual_Clock_FIFO [altera_up_avalon_video_dual_clock_buffer 13.0]
Progress: Parameterizing module Dual_Clock_FIFO
Progress: Adding Pixel_Buffer [altera_up_avalon_sram 13.0]
Progress: Parameterizing module Pixel_Buffer
Progress: Adding Pixel_Buffer_DMA [altera_up_avalon_video_pixel_buffer_dma 13.0]
Progress: Parameterizing module Pixel_Buffer_DMA
Progress: Adding Pixel_RGB_Resampler [altera_up_avalon_video_rgb_resampler 13.0]
Progress: Parameterizing module Pixel_RGB_Resampler
Progress: Adding VGA_Controller [altera_up_avalon_video_vga_controller 13.0]
Progress: Parameterizing module VGA_Controller
Progress: Adding Video_In_Decoder [altera_up_avalon_video_decoder 13.0]
Progress: Parameterizing module Video_In_Decoder
Progress: Adding Video_DMA [altera_up_avalon_video_dma_controller 13.0]
Progress: Parameterizing module Video_DMA
Progress: Adding AV_Config [altera_up_avalon_audio_and_video_config 13.0]
Progress: Parameterizing module AV_Config
Progress: Adding CPU [altera_nios2_qsys 13.0]
Progress: Parameterizing module CPU
Progress: Adding Clock_Signals [altera_up_clocks 13.0]
Progress: Parameterizing module Clock_Signals
Progress: Adding jtag_uart_0 [altera_avalon_jtag_uart 13.0.1.99.2]
Progress: Parameterizing module jtag_uart_0
Progress: Adding clk_vga [clock_source 13.0]
Progress: Parameterizing module clk_vga
Progress: Adding video_bayer_resampler [altera_up_avalon_video_bayer_resampler 13.0]
Progress: Parameterizing module video_bayer_resampler
Progress: Adding video_clipper_0 [altera_up_avalon_video_clipper 13.0]
Progress: Parameterizing module video_clipper_0
Progress: Adding video_scaler_0 [altera_up_avalon_video_scaler 13.0]
Progress: Parameterizing module video_scaler_0
Progress: Adding video_rgb_resampler_0 [altera_up_avalon_video_rgb_resampler 13.0]
Progress: Parameterizing module video_rgb_resampler_0
Progress: Adding sysid_qsys_0 [altera_avalon_sysid_qsys 13.0]
Progress: Parameterizing module sysid_qsys_0
Progress: Adding sdram_0 [altera_avalon_new_sdram_controller 13.0.1.99.2]
Progress: Parameterizing module sdram_0
Progress: Adding timer_system [altera_avalon_timer 13.0.1.99.2]
Progress: Parameterizing module timer_system
Progress: Adding timer_timestamp [altera_avalon_timer 13.0.1.99.2]
Progress: Parameterizing module timer_timestamp
Progress: Adding lcd [altera_avalon_lcd_16207 13.0.1.99.2]
Progress: Parameterizing module lcd
Progress: Adding red_leds [altera_avalon_pio 13.0.1.99.2]
Progress: Parameterizing module red_leds
Progress: Adding green_leds [altera_avalon_pio 13.0.1.99.2]
Progress: Parameterizing module green_leds
Progress: Adding switch [altera_avalon_pio 13.0.1.99.2]
Progress: Parameterizing module switch
Progress: Adding nios_custom_instr_floating_point_0 [altera_nios_custom_instr_floating_point 13.0]
Progress: Parameterizing module nios_custom_instr_floating_point_0
Progress: Adding Altera_UP_SD_Card_Avalon_Interface_0 [Altera_UP_SD_Card_Avalon_Interface 13.0]
Progress: Parameterizing module Altera_UP_SD_Card_Avalon_Interface_0
Progress: Adding SobleEdge_0 [SobleEdge 1.0]
Progress: Parameterizing module SobleEdge_0
Progress: Adding Barcode_scan_0 [Barcode_scan 1.0]
Progress: Parameterizing module Barcode_scan_0
Progress: Building connections
Progress: Parameterizing connections
Progress: Validating
Progress: Done reading input file
Info: SOPC_Video.Pixel_RGB_Resampler: RGB Resampling: 8 (bits) x 1 (planes) -> 10 (bits) x 3 (planes)
Info: SOPC_Video.VGA_Controller: Video Output Stream: Format: 640 x 480 with Color: 10 (bits) x 3 (planes)
Info: SOPC_Video.Video_In_Decoder: Video In Stream: Format: 2592 x 1944 (default) with Colour: 8 (bits) x 1 (planes) (RGB Bayer Pattern)
Info: SOPC_Video.CPU: CPUID control register value is 0. Please manually assign CPUID if creating multiple Nios II system
Info: SOPC_Video.video_bayer_resampler: Change in Resolution: 2592 x 1944 -> 1296 x 972
Info: SOPC_Video.video_clipper_0: Change in Resolution: 1296 x 972 -> 1280 x 960
Info: SOPC_Video.video_scaler_0: Change in Resolution: 1280 x 960 -> 640 x 480
Info: SOPC_Video.video_rgb_resampler_0: RGB Resampling: 8 (bits) x 3 (planes) -> 8 (bits) x 1 (planes)
Info: SOPC_Video.sysid_qsys_0: System ID is not assigned automatically. Edit the System ID parameter to provide a unique ID
Info: SOPC_Video.sysid_qsys_0: Time stamp will be automatically updated when this component is generated.
Info: SOPC_Video.switch: PIO inputs are not hardwired in test bench. Undefined values will be read from PIO inputs during simulation.
Info: SOPC_Video.Barcode_scan_0.avalon_streaming_source/video_scaler_0.avalon_scaler_sink: The width of the data signal from the source is 8 bits, but is 24 bits to the sink. Avalon Streaming Transform will be executed.
Info: SOPC_Video.video_scaler_0.avalon_scaler_source/Video_DMA.avalon_dma_sink: The width of the data signal from the source is 24 bits, but is 8 bits to the sink. Avalon Streaming Transform will be executed.
Info: SOPC_Video: Generating SOPC_Video "SOPC_Video" for QUARTUS_SYNTH
Info: pipeline_bridge_swap_transform: After transform: 29 modules, 179 connections
Info: merlin_custom_instruction_transform: After transform: 32 modules, 182 connections
Info: merlin_translator_transform: After transform: 53 modules, 308 connections
Info: merlin_domain_transform: After transform: 94 modules, 707 connections
Info: merlin_router_transform: After transform: 115 modules, 833 connections
Info: merlin_burst_transform: After transform: 118 modules, 851 connections
Info: reset_adaptation_transform: After transform: 122 modules, 465 connections
Info: merlin_network_to_switch_transform: After transform: 163 modules, 551 connections
Info: merlin_width_transform: After transform: 175 modules, 587 connections
Info: merlin_mm_transform: After transform: 175 modules, 587 connections
Info: merlin_interrupt_mapper_transform: After transform: 176 modules, 590 connections
Info: avalon_st_adapter: Inserting data_format_adapter: data_format_adapter_0
Error: avalon_st_adapter.data_format_adapter_0: Adaptation for output symbolsPerBeat > input symbolsPerBeat requires the output empty signal to be present
Info: avalon_st_adapter_001: Inserting data_format_adapter: data_format_adapter_0
Info: com_altera_sopcmodel_transforms_avalonst_AvalonStreamingTransform: After transform: 178 modules, 596 connections
Warning: SOPC_Video: "No matching role found for CPU_custom_instruction_master_multi_xconnect:ci_slave:ci_slave_ipending (ipending)"
Warning: SOPC_Video: "No matching role found for CPU_custom_instruction_master_multi_xconnect:ci_slave:ci_slave_estatus (estatus)"
Warning: SOPC_Video: "No matching role found for rst_controller:reset_out:reset_req (reset_req)"
Warning: SOPC_Video: "No matching role found for rst_controller:reset_out:reset_req (reset_req)"
Warning: SOPC_Video: "No matching role found for rst_controller:reset_out:reset_req (reset_req)"
Warning: SOPC_Video: "No matching role found for rst_controller:reset_out:reset_req (reset_req)"
Warning: SOPC_Video: "No matching role found for rst_controller:reset_out:reset_req (reset_req)"
Warning: SOPC_Video: "No matching role found for rst_controller:reset_out:reset_req (reset_req)"
Warning: SOPC_Video: "No matching role found for rst_controller:reset_out:reset_req (reset_req)"
Warning: SOPC_Video: "No matching role found for rst_controller:reset_out:reset_req (reset_req)"
Warning: SOPC_Video: "No matching role found for rst_controller:reset_out:reset_req (reset_req)"
Warning: SOPC_Video: "No matching role found for rst_controller:reset_out:reset_req (reset_req)"
Warning: SOPC_Video: "No matching role found for rst_controller:reset_out:reset_req (reset_req)"
Warning: SOPC_Video: "No matching role found for rst_controller:reset_out:reset_req (reset_req)"
Warning: SOPC_Video: "No matching role found for rst_controller:reset_out:reset_req (reset_req)"
Warning: SOPC_Video: "No matching role found for rst_controller:reset_out:reset_req (reset_req)"
Warning: SOPC_Video: "No matching role found for rst_controller:reset_out:reset_req (reset_req)"
Warning: SOPC_Video: "No matching role found for rst_controller:reset_out:reset_req (reset_req)"
Warning: SOPC_Video: "No matching role found for rst_controller:reset_out:reset_req (reset_req)"
Warning: SOPC_Video: "No matching role found for rst_controller:reset_out:reset_req (reset_req)"
Warning: SOPC_Video: "No matching role found for rst_controller:reset_out:reset_req (reset_req)"
Warning: SOPC_Video: "No matching role found for rst_controller:reset_out:reset_req (reset_req)"
Warning: SOPC_Video: "No matching role found for rst_controller:reset_out:reset_req (reset_req)"
Warning: SOPC_Video: "No matching role found for rst_controller:reset_out:reset_req (reset_req)"
Warning: SOPC_Video: "No matching role found for rst_controller:reset_out:reset_req (reset_req)"
Warning: SOPC_Video: "No matching role found for rst_controller:reset_out:reset_req (reset_req)"
Warning: SOPC_Video: "No matching role found for rst_controller:reset_out:reset_req (reset_req)"
Warning: SOPC_Video: "No matching role found for rst_controller:reset_out:reset_req (reset_req)"
Warning: SOPC_Video: "No matching role found for rst_controller:reset_out:reset_req (reset_req)"
Warning: SOPC_Video: "No matching role found for rst_controller:reset_out:reset_req (reset_req)"
Warning: SOPC_Video: "No matching role found for rst_controller:reset_out:reset_req (reset_req)"
Warning: SOPC_Video: "No matching role found for rst_controller:reset_out:reset_req (reset_req)"
Warning: SOPC_Video: "No matching role found for rst_controller:reset_out:reset_req (reset_req)"
Warning: SOPC_Video: "No matching role found for rst_controller:reset_out:reset_req (reset_req)"
Warning: SOPC_Video: "No matching role found for rst_controller:reset_out:reset_req (reset_req)"
Warning: SOPC_Video: "No matching role found for rst_controller:reset_out:reset_req (reset_req)"
Warning: SOPC_Video: "No matching role found for rst_controller:reset_out:reset_req (reset_req)"
Warning: SOPC_Video: "No matching role found for rst_controller:reset_out:reset_req (reset_req)"
Warning: SOPC_Video: "No matching role found for rst_controller:reset_out:reset_req (reset_req)"
Warning: SOPC_Video: "No matching role found for rst_controller:reset_out:reset_req (reset_req)"
Warning: SOPC_Video: "No matching role found for rst_controller:reset_out:reset_req (reset_req)"
Warning: SOPC_Video: "No matching role found for rst_controller:reset_out:reset_req (reset_req)"
Warning: SOPC_Video: "No matching role found for rst_controller:reset_out:reset_req (reset_req)"
Warning: SOPC_Video: "No matching role found for rst_controller:reset_out:reset_req (reset_req)"
Warning: SOPC_Video: "No matching role found for rst_controller:reset_out:reset_req (reset_req)"
Warning: SOPC_Video: "No matching role found for rst_controller:reset_out:reset_req (reset_req)"
Warning: SOPC_Video: "No matching role found for rst_controller:reset_out:reset_req (reset_req)"
Warning: SOPC_Video: "No matching role found for rst_controller:reset_out:reset_req (reset_req)"
Warning: SOPC_Video: "No matching role found for rst_controller:reset_out:reset_req (reset_req)"
Warning: SOPC_Video: "No matching role found for rst_controller:reset_out:reset_req (reset_req)"
Warning: SOPC_Video: "No matching role found for rst_controller:reset_out:reset_req (reset_req)"
Warning: SOPC_Video: "No matching role found for rst_controller:reset_out:reset_req (reset_req)"
Warning: SOPC_Video: "No matching role found for rst_controller:reset_out:reset_req (reset_req)"
Warning: SOPC_Video: "No matching role found for rst_controller:reset_out:reset_req (reset_req)"
Warning: SOPC_Video: "No matching role found for rst_controller:reset_out:reset_req (reset_req)"
Warning: SOPC_Video: "No matching role found for rst_controller:reset_out:reset_req (reset_req)"
Warning: SOPC_Video: "No matching role found for rst_controller:reset_out:reset_req (reset_req)"
Warning: SOPC_Video: "No matching role found for rst_controller:reset_out:reset_req (reset_req)"
Warning: SOPC_Video: "No matching role found for rst_controller:reset_out:reset_req (reset_req)"
Warning: SOPC_Video: "No matching role found for rst_controller:reset_out:reset_req (reset_req)"
Warning: SOPC_Video: "No matching role found for rst_controller:reset_out:reset_req (reset_req)"
Warning: SOPC_Video: "No matching role found for rst_controller:reset_out:reset_req (reset_req)"
Warning: SOPC_Video: "No matching role found for rst_controller:reset_out:reset_req (reset_req)"
Warning: SOPC_Video: "No matching role found for rst_controller:reset_out:reset_req (reset_req)"
Warning: SOPC_Video: "No matching role found for rst_controller:reset_out:reset_req (reset_req)"
Warning: SOPC_Video: "No matching role found for rst_controller:reset_out:reset_req (reset_req)"
Warning: SOPC_Video: "No matching role found for rst_controller:reset_out:reset_req (reset_req)"
Warning: SOPC_Video: "No matching role found for rst_controller:reset_out:reset_req (reset_req)"
Warning: SOPC_Video: "No matching role found for rst_controller:reset_out:reset_req (reset_req)"
Warning: SOPC_Video: "No matching role found for rst_controller:reset_out:reset_req (reset_req)"
Warning: SOPC_Video: "No matching role found for rst_controller:reset_out:reset_req (reset_req)"
Warning: SOPC_Video: "No matching role found for rst_controller:reset_out:reset_req (reset_req)"
Warning: SOPC_Video: "No matching role found for rst_controller:reset_out:reset_req (reset_req)"
Warning: SOPC_Video: "No matching role found for rst_controller:reset_out:reset_req (reset_req)"
Warning: SOPC_Video: "No matching role found for rst_controller:reset_out:reset_req (reset_req)"
Warning: SOPC_Video: "No matching role found for rst_controller:reset_out:reset_req (reset_req)"
Warning: SOPC_Video: "No matching role found for rst_controller:reset_out:reset_req (reset_req)"
Warning: SOPC_Video: "No matching role found for rst_controller:reset_out:reset_req (reset_req)"
Warning: SOPC_Video: "No matching role found for rst_controller:reset_out:reset_req (reset_req)"
Warning: SOPC_Video: "No matching role found for rst_controller:reset_out:reset_req (reset_req)"
Warning: SOPC_Video: "No matching role found for rst_controller:reset_out:reset_req (reset_req)"
Warning: SOPC_Video: "No matching role found for rst_controller:reset_out:reset_req (reset_req)"
Warning: SOPC_Video: "No matching role found for rst_controller:reset_out:reset_req (reset_req)"
Warning: SOPC_Video: "No matching role found for rst_controller:reset_out:reset_req (reset_req)"
Warning: SOPC_Video: "No matching role found for rst_controller:reset_out:reset_req (reset_req)"
Warning: SOPC_Video: "No matching role found for rst_controller:reset_out:reset_req (reset_req)"
Warning: SOPC_Video: "No matching role found for rst_controller:reset_out:reset_req (reset_req)"
Warning: SOPC_Video: "No matching role found for rst_controller:reset_out:reset_req (reset_req)"
Warning: SOPC_Video: "No matching role found for rst_controller:reset_out:reset_req (reset_req)"
Warning: SOPC_Video: "No matching role found for rst_controller:reset_out:reset_req (reset_req)"
Warning: SOPC_Video: "No matching role found for rst_controller:reset_out:reset_req (reset_req)"
Warning: SOPC_Video: "No matching role found for rst_controller:reset_out:reset_req (reset_req)"
Warning: SOPC_Video: "No matching role found for rst_controller:reset_out:reset_req (reset_req)"
Warning: SOPC_Video: "No matching role found for rst_controller:reset_out:reset_req (reset_req)"
Warning: SOPC_Video: "No matching role found for rst_controller:reset_out:reset_req (reset_req)"
Warning: SOPC_Video: "No matching role found for rst_controller:reset_out:reset_req (reset_req)"
Warning: SOPC_Video: "No matching role found for rst_controller:reset_out:reset_req (reset_req)"
Warning: SOPC_Video: "No matching role found for rst_controller:reset_out:reset_req (reset_req)"
Warning: SOPC_Video: "No matching role found for rst_controller:reset_out:reset_req (reset_req)"
Warning: SOPC_Video: "No matching role found for rst_controller:reset_out:reset_req (reset_req)"
Warning: SOPC_Video: "No matching role found for rst_controller:reset_out:reset_req (reset_req)"
Warning: SOPC_Video: "No matching role found for rst_controller:reset_out:reset_req (reset_req)"
Warning: SOPC_Video: "No matching role found for rst_controller:reset_out:reset_req (reset_req)"
Warning: SOPC_Video: "No matching role found for rst_controller:reset_out:reset_req (reset_req)"
Warning: SOPC_Video: "No matching role found for rst_controller:reset_out:reset_req (reset_req)"
Warning: SOPC_Video: "No matching role found for rst_controller:reset_out:reset_req (reset_req)"
Warning: SOPC_Video: "No matching role found for rst_controller:reset_out:reset_req (reset_req)"
Warning: SOPC_Video: "No matching role found for rst_controller:reset_out:reset_req (reset_req)"
Warning: SOPC_Video: "No matching role found for rst_controller:reset_out:reset_req (reset_req)"
Warning: SOPC_Video: "No matching role found for rst_controller:reset_out:reset_req (reset_req)"
Warning: SOPC_Video: "No matching role found for rst_controller:reset_out:reset_req (reset_req)"
Warning: SOPC_Video: "No matching role found for rst_controller:reset_out:reset_req (reset_req)"
Warning: SOPC_Video: "No matching role found for rst_controller:reset_out:reset_req (reset_req)"
Warning: SOPC_Video: "No matching role found for rst_controller:reset_out:reset_req (reset_req)"
Warning: SOPC_Video: "No matching role found for rst_controller:reset_out:reset_req (reset_req)"
Warning: SOPC_Video: "No matching role found for rst_controller:reset_out:reset_req (reset_req)"
Warning: SOPC_Video: "No matching role found for rst_controller:reset_out:reset_req (reset_req)"
Warning: SOPC_Video: "No matching role found for rst_controller:reset_out:reset_req (reset_req)"
Warning: SOPC_Video: "No matching role found for rst_controller:reset_out:reset_req (reset_req)"
Warning: SOPC_Video: "No matching role found for rst_controller:reset_out:reset_req (reset_req)"
Warning: SOPC_Video: "No matching role found for rst_controller:reset_out:reset_req (reset_req)"
Warning: SOPC_Video: "No matching role found for rst_controller:reset_out:reset_req (reset_req)"
Warning: SOPC_Video: "No matching role found for rst_controller:reset_out:reset_req (reset_req)"
Warning: SOPC_Video: "No matching role found for rst_controller:reset_out:reset_req (reset_req)"
Warning: SOPC_Video: "No matching role found for rst_controller:reset_out:reset_req (reset_req)"
Warning: SOPC_Video: "No matching role found for rst_controller:reset_out:reset_req (reset_req)"
Warning: SOPC_Video: "No matching role found for rst_controller:reset_out:reset_req (reset_req)"
Warning: SOPC_Video: "No matching role found for rst_controller:reset_out:reset_req (reset_req)"
Warning: SOPC_Video: "No matching role found for rst_controller:reset_out:reset_req (reset_req)"
Warning: SOPC_Video: "No matching role found for rst_controller:reset_out:reset_req (reset_req)"
Warning: SOPC_Video: "No matching role found for rst_controller:reset_out:reset_req (reset_req)"
Warning: SOPC_Video: "No matching role found for rst_controller:reset_out:reset_req (reset_req)"
Warning: SOPC_Video: "No matching role found for rst_controller:reset_out:reset_req (reset_req)"
Warning: SOPC_Video: "No matching role found for rst_controller:reset_out:reset_req (reset_req)"
Warning: SOPC_Video: "No matching role found for rst_controller:reset_out:reset_req (reset_req)"
Warning: SOPC_Video: "No matching role found for rst_controller:reset_out:reset_req (reset_req)"
Warning: SOPC_Video: "No matching role found for rst_controller:reset_out:reset_req (reset_req)"
Warning: SOPC_Video: "No matching role found for rst_controller:reset_out:reset_req (reset_req)"
Warning: SOPC_Video: "No matching role found for rst_controller:reset_out:reset_req (reset_req)"
Warning: SOPC_Video: "No matching role found for rst_controller:reset_out:reset_req (reset_req)"
Warning: SOPC_Video: "No matching role found for rst_controller:reset_out:reset_req (reset_req)"
Warning: SOPC_Video: "No matching role found for rst_controller:reset_out:reset_req (reset_req)"
Warning: SOPC_Video: "No matching role found for rst_controller:reset_out:reset_req (reset_req)"
Warning: SOPC_Video: "No matching role found for rst_controller:reset_out:reset_req (reset_req)"
Warning: SOPC_Video: "No matching role found for rst_controller:reset_out:reset_req (reset_req)"
Warning: SOPC_Video: "No matching role found for rst_controller:reset_out:reset_req (reset_req)"
Warning: SOPC_Video: "No matching role found for rst_controller:reset_out:reset_req (reset_req)"
Warning: SOPC_Video: "No matching role found for rst_controller:reset_out:reset_req (reset_req)"
Warning: SOPC_Video: "No matching role found for rst_controller:reset_out:reset_req (reset_req)"
Warning: SOPC_Video: "No matching role found for rst_controller:reset_out:reset_req (reset_req)"
Warning: SOPC_Video: "No matching role found for rst_controller:reset_out:reset_req (reset_req)"
Warning: SOPC_Video: "No matching role found for rst_controller:reset_out:reset_req (reset_req)"
Warning: SOPC_Video: "No matching role found for rst_controller:reset_out:reset_req (reset_req)"
Warning: SOPC_Video: "No matching role found for rst_controller:reset_out:reset_req (reset_req)"
Warning: SOPC_Video: "No matching role found for rst_controller:reset_out:reset_req (reset_req)"
Warning: SOPC_Video: "No matching role found for rst_controller:reset_out:reset_req (reset_req)"
Warning: SOPC_Video: "No matching role found for rst_controller:reset_out:reset_req (reset_req)"
Warning: SOPC_Video: "No matching role found for rst_controller:reset_out:reset_req (reset_req)"
Warning: SOPC_Video: "No matching role found for rst_controller:reset_out:reset_req (reset_req)"
Warning: SOPC_Video: "No matching role found for rst_controller:reset_out:reset_req (reset_req)"
Warning: SOPC_Video: "No matching role found for rst_controller:reset_out:reset_req (reset_req)"
Warning: SOPC_Video: "No matching role found for rst_controller:reset_out:reset_req (reset_req)"
Warning: SOPC_Video: "No matching role found for rst_controller:reset_out:reset_req (reset_req)"
Warning: SOPC_Video: "No matching role found for rst_controller:reset_out:reset_req (reset_req)"
Warning: SOPC_Video: "No matching role found for rst_controller:reset_out:reset_req (reset_req)"
Warning: SOPC_Video: "No matching role found for rst_controller:reset_out:reset_req (reset_req)"
Warning: SOPC_Video: "No matching role found for rst_controller:reset_out:reset_req (reset_req)"
Warning: SOPC_Video: "No matching role found for rst_controller:reset_out:reset_req (reset_req)"
Error: Generation stopped, 199 or more modules remaining
Info: SOPC_Video: Done SOPC_Video" with 60 modules, 39 files, 1696275 bytes
Error: ip-generate failed with exit code 1: 2 Errors, 168 Warnings
Info: Finished: Create HDL design files for synthesis
