Archive member included because of file (symbol)

c:/altera/13.0sp1/nios2eds/bin/gnu/h-i686-mingw32/bin/../lib/gcc/nios2-elf/4.1.2/../../../../nios2-elf/lib/mno-hw-mul\libc.a(lib_a-fclose.o)
                              obj/default/hello_world.o (fclose)
c:/altera/13.0sp1/nios2eds/bin/gnu/h-i686-mingw32/bin/../lib/gcc/nios2-elf/4.1.2/../../../../nios2-elf/lib/mno-hw-mul\libc.a(lib_a-fflush.o)
                              c:/altera/13.0sp1/nios2eds/bin/gnu/h-i686-mingw32/bin/../lib/gcc/nios2-elf/4.1.2/../../../../nios2-elf/lib/mno-hw-mul\libc.a(lib_a-fclose.o) (_fflush_r)
c:/altera/13.0sp1/nios2eds/bin/gnu/h-i686-mingw32/bin/../lib/gcc/nios2-elf/4.1.2/../../../../nios2-elf/lib/mno-hw-mul\libc.a(lib_a-findfp.o)
                              c:/altera/13.0sp1/nios2eds/bin/gnu/h-i686-mingw32/bin/../lib/gcc/nios2-elf/4.1.2/../../../../nios2-elf/lib/mno-hw-mul\libc.a(lib_a-fclose.o) (__sfp_lock_acquire)
c:/altera/13.0sp1/nios2eds/bin/gnu/h-i686-mingw32/bin/../lib/gcc/nios2-elf/4.1.2/../../../../nios2-elf/lib/mno-hw-mul\libc.a(lib_a-fopen.o)
                              obj/default/hello_world.o (fopen)
c:/altera/13.0sp1/nios2eds/bin/gnu/h-i686-mingw32/bin/../lib/gcc/nios2-elf/4.1.2/../../../../nios2-elf/lib/mno-hw-mul\libc.a(lib_a-fputs.o)
                              obj/default/hello_world.o (fputs)
c:/altera/13.0sp1/nios2eds/bin/gnu/h-i686-mingw32/bin/../lib/gcc/nios2-elf/4.1.2/../../../../nios2-elf/lib/mno-hw-mul\libc.a(lib_a-freer.o)
                              c:/altera/13.0sp1/nios2eds/bin/gnu/h-i686-mingw32/bin/../lib/gcc/nios2-elf/4.1.2/../../../../nios2-elf/lib/mno-hw-mul\libc.a(lib_a-fclose.o) (_free_r)
c:/altera/13.0sp1/nios2eds/bin/gnu/h-i686-mingw32/bin/../lib/gcc/nios2-elf/4.1.2/../../../../nios2-elf/lib/mno-hw-mul\libc.a(lib_a-fseek.o)
                              c:/altera/13.0sp1/nios2eds/bin/gnu/h-i686-mingw32/bin/../lib/gcc/nios2-elf/4.1.2/../../../../nios2-elf/lib/mno-hw-mul\libc.a(lib_a-fopen.o) (_fseek_r)
c:/altera/13.0sp1/nios2eds/bin/gnu/h-i686-mingw32/bin/../lib/gcc/nios2-elf/4.1.2/../../../../nios2-elf/lib/mno-hw-mul\libc.a(lib_a-fstatr.o)
                              c:/altera/13.0sp1/nios2eds/bin/gnu/h-i686-mingw32/bin/../lib/gcc/nios2-elf/4.1.2/../../../../nios2-elf/lib/mno-hw-mul\libc.a(lib_a-fseek.o) (_fstat_r)
c:/altera/13.0sp1/nios2eds/bin/gnu/h-i686-mingw32/bin/../lib/gcc/nios2-elf/4.1.2/../../../../nios2-elf/lib/mno-hw-mul\libc.a(lib_a-fvwrite.o)
                              c:/altera/13.0sp1/nios2eds/bin/gnu/h-i686-mingw32/bin/../lib/gcc/nios2-elf/4.1.2/../../../../nios2-elf/lib/mno-hw-mul\libc.a(lib_a-fputs.o) (__sfvwrite_r)
c:/altera/13.0sp1/nios2eds/bin/gnu/h-i686-mingw32/bin/../lib/gcc/nios2-elf/4.1.2/../../../../nios2-elf/lib/mno-hw-mul\libc.a(lib_a-fwalk.o)
                              c:/altera/13.0sp1/nios2eds/bin/gnu/h-i686-mingw32/bin/../lib/gcc/nios2-elf/4.1.2/../../../../nios2-elf/lib/mno-hw-mul\libc.a(lib_a-fflush.o) (_fwalk_reent)
c:/altera/13.0sp1/nios2eds/bin/gnu/h-i686-mingw32/bin/../lib/gcc/nios2-elf/4.1.2/../../../../nios2-elf/lib/mno-hw-mul\libc.a(lib_a-fwrite.o)
                              obj/default/hello_world.o (fwrite)
c:/altera/13.0sp1/nios2eds/bin/gnu/h-i686-mingw32/bin/../lib/gcc/nios2-elf/4.1.2/../../../../nios2-elf/lib/mno-hw-mul\libc.a(lib_a-impure.o)
                              c:/altera/13.0sp1/nios2eds/bin/gnu/h-i686-mingw32/bin/../lib/gcc/nios2-elf/4.1.2/../../../../nios2-elf/lib/mno-hw-mul\libc.a(lib_a-fclose.o) (_impure_ptr)
c:/altera/13.0sp1/nios2eds/bin/gnu/h-i686-mingw32/bin/../lib/gcc/nios2-elf/4.1.2/../../../../nios2-elf/lib/mno-hw-mul\libc.a(lib_a-int_errno.o)
                              c:/altera/13.0sp1/nios2eds/bin/gnu/h-i686-mingw32/bin/../lib/gcc/nios2-elf/4.1.2/../../../../nios2-elf/lib/mno-hw-mul\libc.a(lib_a-fstatr.o) (errno)
c:/altera/13.0sp1/nios2eds/bin/gnu/h-i686-mingw32/bin/../lib/gcc/nios2-elf/4.1.2/../../../../nios2-elf/lib/mno-hw-mul\libc.a(lib_a-makebuf.o)
                              c:/altera/13.0sp1/nios2eds/bin/gnu/h-i686-mingw32/bin/../lib/gcc/nios2-elf/4.1.2/../../../../nios2-elf/lib/mno-hw-mul\libc.a(lib_a-fseek.o) (__smakebuf_r)
c:/altera/13.0sp1/nios2eds/bin/gnu/h-i686-mingw32/bin/../lib/gcc/nios2-elf/4.1.2/../../../../nios2-elf/lib/mno-hw-mul\libc.a(lib_a-malloc.o)
                              obj/default/hello_world.o (malloc)
c:/altera/13.0sp1/nios2eds/bin/gnu/h-i686-mingw32/bin/../lib/gcc/nios2-elf/4.1.2/../../../../nios2-elf/lib/mno-hw-mul\libc.a(lib_a-mallocr.o)
                              c:/altera/13.0sp1/nios2eds/bin/gnu/h-i686-mingw32/bin/../lib/gcc/nios2-elf/4.1.2/../../../../nios2-elf/lib/mno-hw-mul\libc.a(lib_a-findfp.o) (_malloc_r)
c:/altera/13.0sp1/nios2eds/bin/gnu/h-i686-mingw32/bin/../lib/gcc/nios2-elf/4.1.2/../../../../nios2-elf/lib/mno-hw-mul\libc.a(lib_a-memchr.o)
[...]
Memory Configuration

Name             Origin             Length             Attributes
Onchip_Memory    0x00084000         0x00004000
reset            0x01000000         0x00000020
sdram_0          0x01000020         0x007fffe0
*default*        0x00000000         0xffffffff

Linker script and memory map

LOAD ../lcd_pixel_scan_bsp//obj/HAL/src/crt0.o
LOAD obj/default/hello_world.o
LOAD c:/altera/13.0sp1/nios2eds/bin/gnu/h-i686-mingw32/bin/../lib/gcc/nios2-elf/4.1.2/../../../../nios2-elf/lib/mno-hw-mul\libstdc++.a
LOAD c:/altera/13.0sp1/nios2eds/bin/gnu/h-i686-mingw32/bin/../lib/gcc/nios2-elf/4.1.2/../../../../nios2-elf/lib/mno-hw-mul\libm.a
LOAD c:/altera/13.0sp1/nios2eds/bin/gnu/h-i686-mingw32/bin/../lib/gcc/nios2-elf/4.1.2/mno-hw-mul\libgcc.a
START GROUP
LOAD c:/altera/13.0sp1/nios2eds/bin/gnu/h-i686-mingw32/bin/../lib/gcc/nios2-elf/4.1.2/../../../../nios2-elf/lib/mno-hw-mul\libc.a
LOAD c:/altera/13.0sp1/nios2eds/bin/gnu/h-i686-mingw32/bin/../lib/gcc/nios2-elf/4.1.2/mno-hw-mul\libgcc.a
LOAD ../lcd_pixel_scan_bsp/\libhal_bsp.a
END GROUP
LOAD c:/altera/13.0sp1/nios2eds/bin/gnu/h-i686-mingw32/bin/../lib/gcc/nios2-elf/4.1.2/mno-hw-mul\libgcc.a
                0x00084000                __alt_mem_Onchip_Memory = 0x84000
                0x01000000                __alt_mem_sdram_0 = 0x1000000

.entry          0x01000000       0x20
 *(.entry)
 .entry         0x01000000       0x20 ../lcd_pixel_scan_bsp//obj/HAL/src/crt0.o
                0x01000000                __reset

.exceptions     0x01000020      0x194
                0x01000020                PROVIDE (__ram_exceptions_start, ABSOLUTE (.))
                0x01000020                . = ALIGN (0x20)
 *(.irq)
 *(.exceptions.entry.label)
 .exceptions.entry.label
                0x01000020        0x0 ../lcd_pixel_scan_bsp/\libhal_bsp.a(alt_irq_entry.o)
                0x01000020                alt_irq_entry
 .exceptions.entry.label
                0x01000020        0x0 ../lcd_pixel_scan_bsp/\libhal_bsp.a(alt_exception_entry.o)
                0x01000020                alt_exception
 *(.exceptions.entry.user)
 *(.exceptions.entry)
 .exceptions.entry
                0x01000020       0x54 ../lcd_pixel_scan_bsp/\libhal_bsp.a(alt_exception_entry.o)
 *(.exceptions.irqtest.user)
 *(.exceptions.irqtest)
 .exceptions.irqtest
                0x01000074       0x10 ../lcd_pixel_scan_bsp/\libhal_bsp.a(alt_irq_entry.o)
 *(.exceptions.irqhandler.user)
 *(.exceptions.irqhandler)
 .exceptions.irqhandler
                0x01000084        0x4 ../lcd_pixel_scan_bsp/\libhal_bsp.a(alt_irq_entry.o)
 *(.exceptions.irqreturn.user)
 *(.exceptions.irqreturn)
 .exceptions.irqreturn
                0x01000088        0x4 ../lcd_pixel_scan_bsp/\libhal_bsp.a(alt_irq_entry.o)
 *(.exceptions.notirq.label)
 .exceptions.notirq.label
                0x0100008c        0x0 ../lcd_pixel_scan_bsp/\libhal_bsp.a(alt_irq_entry.o)
 *(.exceptions.notirq.user)
 *(.exceptions.notirq)
 .exceptions.notirq
                0x0100008c        0x8 ../lcd_pixel_scan_bsp/\libhal_bsp.a(alt_exception_entry.o)
 *(.exceptions.soft.user)
 *(.exceptions.soft)
 *(.exceptions.unknown.user)
 *(.exceptions.unknown)
 .exceptions.unknown
                0x01000094        0x4 ../lcd_pixel_scan_bsp/\libhal_bsp.a(alt_exception_entry.o)
 *(.exceptions.exit.label)
 .exceptions.exit.label
                0x01000098        0x0 ../lcd_pixel_scan_bsp/\libhal_bsp.a(alt_irq_entry.o)
 .exceptions.exit.label
                0x01000098        0x0 ../lcd_pixel_scan_bsp/\libhal_bsp.a(alt_exception_entry.o)
 *(.exceptions.exit.user)
 *(.exceptions.exit)
 .exceptions.exit
                0x01000098       0x54 ../lcd_pixel_scan_bsp/\libhal_bsp.a(alt_exception_entry.o)
 *(.exceptions)
 .exceptions    0x010000ec       0xc8 ../lcd_pixel_scan_bsp/\libhal_bsp.a(alt_irq_handler.o)
                0x010000ec                alt_irq_handler
                0x010001b4                PROVIDE (__ram_exceptions_end, ABSOLUTE (.))
                0x01000020                PROVIDE (__flash_exceptions_start, LOADADDR (.exceptions))

.text           0x010001b4     0x7668
                0x010001b4                PROVIDE (stext, ABSOLUTE (.))
 *(.interp)
 *(.hash)
 *(.dynsym)
 *(.dynstr)
 *(.gnu.version)
 *(.gnu.version_d)
 *(.gnu.version_r)
 *(.rel.init)
 *(.rela.init)
 *(.rel.text .rel.text.* .rel.gnu.linkonce.t.*)
 *(.rela.text .rela.text.* .rela.gnu.linkonce.t.*)
 *(.rel.fini)
 *(.rela.fini)
 *(.rel.rodata .rel.rodata.* .rel.gnu.linkonce.r.*)
 *(.rela.rodata .rela.rodata.* .rela.gnu.linkonce.r.*)
 *(.rel.data .rel.data.* .rel.gnu.linkonce.d.*)
 *(.rela.data .rela.data.* .rela.gnu.linkonce.d.*)
 *(.rel.tdata .rel.tdata.* .rel.gnu.linkonce.td.*)
 *(.rela.tdata .rela.tdata.* .rela.gnu.linkonce.td.*)
 *(.rel.tbss .rel.tbss.* .rel.gnu.linkonce.tb.*)
 *(.rela.tbss .rela.tbss.* .rela.gnu.linkonce.tb.*)
 *(.rel.ctors)
 *(.rela.ctors)
 *(.rel.dtors)
 *(.rela.dtors)
 *(.rel.got)
 *(.rela.got)
 *(.rel.sdata .rel.sdata.* .rel.gnu.linkonce.s.*)
 *(.rela.sdata .rela.sdata.* .rela.gnu.linkonce.s.*)
 *(.rel.sbss .rel.sbss.* .rel.gnu.linkonce.sb.*)
 *(.rela.sbss .rela.sbss.* .rela.gnu.linkonce.sb.*)
 *(.rel.sdata2 .rel.sdata2.* .rel.gnu.linkonce.s2.*)
 *(.rela.sdata2 .rela.sdata2.* .rela.gnu.linkonce.s2.*)
 *(.rel.sbss2 .rel.sbss2.* .rel.gnu.linkonce.sb2.*)
 *(.rela.sbss2 .rela.sbss2.* .rela.gnu.linkonce.sb2.*)
 *(.rel.bss .rel.bss.* .rel.gnu.linkonce.b.*)
 *(.rela.bss .rela.bss.* .rela.gnu.linkonce.b.*)
 *(.rel.plt)
 *(.rela.plt)
 *(.rel.dyn)
 *(.init)
 *(.plt)
 *(.text .stub .text.* .gnu.linkonce.t.*)
 .text          0x010001b4       0x3c ../lcd_pixel_scan_bsp//obj/HAL/src/crt0.o
                0x010001b4                _start
 .text          0x010001f0      0x270 obj/default/hello_world.o
                0x010001f0                setLCD1
                0x010002ac                setLCD2
                0x01000368                main
 .text          0x01000460      0x124 c:/altera/13.0sp1/nios2eds/bin/gnu/h-i686-mingw32/bin/../lib/gcc/nios2-elf/4.1.2/../../../../nios2-elf/lib/mno-hw-mul\libc.a(lib_a-fclose.o)
                0x01000460                _fclose_r
                0x01000570                fclose
 .text          0x01000584      0x230 c:/altera/13.0sp1/nios2eds/bin/gnu/h-i686-mingw32/bin/../lib/gcc/nios2-elf/4.1.2/../../../../nios2-elf/lib/mno-hw-mul\libc.a(lib_a-fflush.o)
                0x01000584                _fflush_r
                0x01000780                fflush
 .text          0x010007b4      0x2f4 c:/altera/13.0sp1/nios2eds/bin/gnu/h-i686-mingw32/bin/../lib/gcc/nios2-elf/4.1.2/../../../../nios2-elf/lib/mno-hw-mul\libc.a(lib_a-findfp.o)
                0x0100080c                __sfp_lock_acquire
                0x01000810                __sfp_lock_release
                0x01000814                __sinit_lock_acquire
                0x01000818                __sinit_lock_release
                0x0100081c                __sinit
                0x010008d0                __fp_unlock_all
                0x010008e8                __fp_lock_all
                0x01000900                _cleanup_r
                0x0100090c                _cleanup
                0x0100091c                __sfmoreglue
                0x010009b8                __sfp
 .text          0x01000aa8      0x110 c:/altera/13.0sp1/nios2eds/bin/gnu/h-i686-mingw32/bin/../lib/gcc/nios2-elf/4.1.2/../../../../nios2-elf/lib/mno-hw-mul\libc.a(lib_a-fopen.o)
                0x01000aa8                _fopen_r
                0x01000b9c                fopen
 .text          0x01000bb8       0x90 c:/altera/13.0sp1/nios2eds/bin/gnu/h-i686-mingw32/bin/../lib/gcc/nios2-elf/4.1.2/../../../../nios2-elf/lib/mno-hw-mul\libc.a(lib_a-fputs.o)
                0x01000bb8                _fputs_r
                0x01000c2c                fputs
 .text          0x01000c48      0x440 c:/altera/13.0sp1/nios2eds/bin/gnu/h-i686-mingw32/bin/../lib/gcc/nios2-elf/4.1.2/../../../../nios2-elf/lib/mno-hw-mul\libc.a(lib_a-freer.o)
                0x01000c48                _malloc_trim_r
                0x01000d74                _free_r
 .text          0x01001088      0x460 c:/altera/13.0sp1/nios2eds/bin/gnu/h-i686-mingw32/bin/../lib/gcc/nios2-elf/4.1.2/../../../../nios2-elf/lib/mno-hw-mul\libc.a(lib_a-fseek.o)
                0x01001088                _fseek_r
                0x010014c4                fseek
 .text          0x010014e8       0x74 c:/altera/13.0sp1/nios2eds/bin/gnu/h-i686-mingw32/bin/../lib/gcc/nios2-elf/4.1.2/../../../../nios2-elf/lib/mno-hw-mul\libc.a(lib_a-fstatr.o)
                0x010014e8                _fstat_r
 .text          0x0100155c      0x49c c:/altera/13.0sp1/nios2eds/bin/gnu/h-i686-mingw32/bin/../lib/gcc/nios2-elf/4.1.2/../../../../nios2-elf/lib/mno-hw-mul\libc.a(lib_a-fvwrite.o)
                0x0100155c                __sfvwrite_r
 .text          0x010019f8      0x180 c:/altera/13.0sp1/nios2eds/bin/gnu/h-i686-mingw32/bin/../lib/gcc/nios2-elf/4.1.2/../../../../nios2-elf/lib/mno-hw-mul\libc.a(lib_a-fwalk.o)
                0x010019f8                _fwalk_reent
                0x01001ac0                _fwalk
 .text          0x01001b78       0xec c:/altera/13.0sp1/nios2eds/bin/gnu/h-i686-mingw32/bin/../lib/gcc/nios2-elf/4.1.2/../../../../nios2-elf/lib/mno-hw-mul\libc.a(lib_a-fwrite.o)
                0x01001b78                _fwrite_r
                0x01001c24                fwrite
 .text          0x01001c64        0x0 c:/altera/13.0sp1/nios2eds/bin/gnu/h-i686-mingw32/bin/../lib/gcc/nios2-elf/4.1.2/../../../../nios2-elf/lib/mno-hw-mul\libc.a(lib_a-impure.o)
 .text          0x01001c64        0x0 c:/altera/13.0sp1/nios2eds/bin/gnu/h-i686-mingw32/bin/../lib/gcc/nios2-elf/4.1.2/../../../../nios2-elf/lib/mno-hw-mul\libc.a(lib_a-int_errno.o)
 .text          0x01001c64      0x194 c:/altera/13.0sp1/nios2eds/bin/gnu/h-i686-mingw32/bin/../lib/gcc/nios2-elf/4.1.2/../../../../nios2-elf/lib/mno-hw-mul\libc.a(lib_a-makebuf.o)
                0x01001c64                __smakebuf_r
 .text          0x01001df8       0x28 c:/altera/13.0sp1/nios2eds/bin/gnu/h-i686-mingw32/bin/../lib/gcc/nios2-elf/4.1.2/../../../../nios2-elf/lib/mno-hw-mul\libc.a(lib_a-malloc.o)
                0x01001df8                free
                0x01001e0c                malloc
 .text          0x01001e20      0x740 c:/altera/13.0sp1/nios2eds/bin/gnu/h-i686-mingw32/bin/../lib/gcc/nios2-elf/4.1.2/../../../../nios2-elf/lib/mno-hw-mul\libc.a(lib_a-mallocr.o)
                0x01001e20                _malloc_r
 .text          0x01002560       0xe4 c:/altera/13.0sp1/nios2eds/bin/gnu/h-i686-mingw32/bin/../lib/gcc/nios2-elf/4.1.2/../../../../nios2-elf/lib/mno-hw-mul\libc.a(lib_a-memchr.o)
                0x01002560                memchr
 .text          0x01002644       0xa0 c:/altera/13.0sp1/nios2eds/bin/gnu/h-i686-mingw32/bin/../lib/gcc/nios2-elf/4.1.2/../../../../nios2-elf/lib/mno-hw-mul\libc.a(lib_a-memcpy.o)
                0x01002644                memcpy
 .text          0x010026e4       0xe0 c:/altera/13.0sp1/nios2eds/bin/gnu/h-i686-mingw32/bin/../lib/gcc/nios2-elf/4.1.2/../../../../nios2-elf/lib/mno-hw-mul\libc.a(lib_a-memmove.o)
                0x010026e4                memmove
 .text          0x010027c4       0x98 c:/altera/13.0sp1/nios2eds/bin/gnu/h-i686-mingw32/bin/../lib/gcc/nios2-elf/4.1.2/../../../../nios2-elf/lib/mno-hw-mul\libc.a(lib_a-memset.o)
                0x010027c4                memset
 .text          0x0100285c       0x78 c:/altera/13.0sp1/nios2eds/bin/gnu/h-i686-mingw32/bin/../lib/gcc/nios2-elf/4.1.2/../../../../nios2-elf/lib/mno-hw-mul\libc.a(lib_a-openr.o)
                0x0100285c                _open_r
 .text          0x010028d4       0xb4 c:/altera/13.0sp1/nios2eds/bin/gnu/h-i686-mingw32/bin/../lib/gcc/nios2-elf/4.1.2/../../../../nios2-elf/lib/mno-hw-mul\libc.a(lib_a-puts.o)
                0x010028d4                _puts_r
                0x01002974                puts
 .text          0x01002988      0x5f4 c:/altera/13.0sp1/nios2eds/bin/gnu/h-i686-mingw32/bin/../lib/gcc/nios2-elf/4.1.2/../../../../nios2-elf/lib/mno-hw-mul\libc.a(lib_a-reallocr.o)
                0x01002988                _realloc_r
 .text          0x01002f7c      0x1e0 c:/altera/13.0sp1/nios2eds/bin/gnu/h-i686-mingw32/bin/../lib/gcc/nios2-elf/4.1.2/../../../../nios2-elf/lib/mno-hw-mul\libc.a(lib_a-refill.o)
                0x01002f7c                __srefill_r
 .text          0x0100315c       0x70 c:/altera/13.0sp1/nios2eds/bin/gnu/h-i686-mingw32/bin/../lib/gcc/nios2-elf/4.1.2/../../../../nios2-elf/lib/mno-hw-mul\libc.a(lib_a-sbrkr.o)
                0x0100315c                _sbrk_r
 .text          0x010031cc      0x14c c:/altera/13.0sp1/nios2eds/bin/gnu/h-i686-mingw32/bin/../lib/gcc/nios2-elf/4.1.2/../../../../nios2-elf/lib/mno-hw-mul\libc.a(lib_a-stdio.o)
                0x010031cc                __sclose
                0x010031d4                __sseek
                0x0100323c                __swrite
                0x010032b8                __sread
 .text          0x01003318       0x90 c:/altera/13.0sp1/nios2eds/bin/gnu/h-i686-mingw32/bin/../lib/gcc/nios2-elf/4.1.2/../../../../nios2-elf/lib/mno-hw-mul\libc.a(lib_a-strcat.o)
                0x01003318                strcat
 .text          0x010033a8       0x8c c:/altera/13.0sp1/nios2eds/bin/gnu/h-i686-mingw32/bin/../lib/gcc/nios2-elf/4.1.2/../../../../nios2-elf/lib/mno-hw-mul\libc.a(lib_a-strcpy.o)
                0x010033a8                strcpy
 .text          0x01003434       0x74 c:/altera/13.0sp1/nios2eds/bin/gnu/h-i686-mingw32/bin/../lib/gcc/nios2-elf/4.1.2/../../../../nios2-elf/lib/mno-hw-mul\libc.a(lib_a-strlen.o)
                0x01003434                strlen
 .text          0x010034a8       0x78 c:/altera/13.0sp1/nios2eds/bin/gnu/h-i686-mingw32/bin/../lib/gcc/nios2-elf/4.1.2/../../../../nios2-elf/lib/mno-hw-mul\libc.a(lib_a-writer.o)
                0x010034a8                _write_r
 .text          0x01003520      0x13c c:/altera/13.0sp1/nios2eds/bin/gnu/h-i686-mingw32/bin/../lib/gcc/nios2-elf/4.1.2/../../../../nios2-elf/lib/mno-hw-mul\libc.a(lib_a-wsetup.o)
                0x01003520                __swsetup_r
 .text          0x0100365c       0x70 c:/altera/13.0sp1/nios2eds/bin/gnu/h-i686-mingw32/bin/../lib/gcc/nios2-elf/4.1.2/../../../../nios2-elf/lib/mno-hw-mul\libc.a(lib_a-closer.o)
                0x0100365c                _close_r
 .text          0x010036cc       0xa0 c:/altera/13.0sp1/nios2eds/bin/gnu/h-i686-mingw32/bin/../lib/gcc/nios2-elf/4.1.2/../../../../nios2-elf/lib/mno-hw-mul\libc.a(lib_a-flags.o)
                0x010036cc                __sflags
 .text          0x0100376c       0x70 c:/altera/13.0sp1/nios2eds/bin/gnu/h-i686-mingw32/bin/../lib/gcc/nios2-elf/4.1.2/../../../../nios2-elf/lib/mno-hw-mul\libc.a(lib_a-isattyr.o)
                0x0100376c                _isatty_r
 .text          0x010037dc       0x78 c:/altera/13.0sp1/nios2eds/bin/gnu/h-i686-mingw32/bin/../lib/gcc/nios2-elf/4.1.2/../../../../nios2-elf/lib/mno-hw-mul\libc.a(lib_a-lseekr.o)
                0x010037dc                _lseek_r
 .text          0x01003854       0x78 c:/altera/13.0sp1/nios2eds/bin/gnu/h-i686-mingw32/bin/../lib/gcc/nios2-elf/4.1.2/../../../../nios2-elf/lib/mno-hw-mul\libc.a(lib_a-readr.o)
                0x01003854                _read_r
 .text          0x010038cc      0x14c c:/altera/13.0sp1/nios2eds/bin/gnu/h-i686-mingw32/bin/../lib/gcc/nios2-elf/4.1.2/mno-hw-mul\libgcc.a(lib2-divmod.o)
                0x01003948                __divsi3
                0x010039a8                __modsi3
                0x01003a08                __udivsi3
                0x01003a10                __umodsi3
 .text          0x01003a18       0x38 c:/altera/13.0sp1/nios2eds/bin/gnu/h-i686-mingw32/bin/../lib/gcc/nios2-elf/4.1.2/mno-hw-mul\libgcc.a(lib2-mul.o)
                0x01003a18                __mulsi3
 .text          0x01003a50      0x160 ../lcd_pixel_scan_bsp/\libhal_bsp.a(alt_close.o)
                0x01003a50                close
 .text          0x01003bb0       0x2c ../lcd_pixel_scan_bsp/\libhal_bsp.a(alt_dev.o)
 .text          0x01003bdc        0x0 ../lcd_pixel_scan_bsp/\libhal_bsp.a(alt_errno.o)
 .text          0x01003bdc      0x138 ../lcd_pixel_scan_bsp/\libhal_bsp.a(alt_fstat.o)
                0x01003bdc                fstat
 .text          0x01003d14      0x124 ../lcd_pixel_scan_bsp/\libhal_bsp.a(alt_isatty.o)
                0x01003d14                isatty
 .text          0x01003e38       0xec ../lcd_pixel_scan_bsp/\libhal_bsp.a(alt_load.o)
                0x01003e38                alt_load
 .text          0x01003f24      0x154 ../lcd_pixel_scan_bsp/\libhal_bsp.a(alt_lseek.o)
                0x01003f24                lseek
 .text          0x01004078       0x6c ../lcd_pixel_scan_bsp/\libhal_bsp.a(alt_main.o)
                0x01004078                alt_main
 .text          0x010040e4       0x40 ../lcd_pixel_scan_bsp/\libhal_bsp.a(alt_malloc_lock.o)
                0x010040e4                __malloc_lock
                0x01004104                __malloc_unlock
 .text          0x01004124      0x2e4 ../lcd_pixel_scan_bsp/\libhal_bsp.a(alt_open.o)
                0x0100421c                open
 .text          0x01004408      0x184 ../lcd_pixel_scan_bsp/\libhal_bsp.a(alt_read.o)
                0x01004408                read
 .text          0x0100458c       0x78 ../lcd_pixel_scan_bsp/\libhal_bsp.a(alt_release_fd.o)
                0x0100458c                alt_release_fd
 .text          0x01004604       0xbc ../lcd_pixel_scan_bsp/\libhal_bsp.a(alt_sbrk.o)
                0x01004604                sbrk
 .text          0x010046c0      0x184 ../lcd_pixel_scan_bsp/\libhal_bsp.a(alt_write.o)
                0x010046c0                write
 .text          0x01004844      0x2f0 ../lcd_pixel_scan_bsp/\libhal_bsp.a(alt_sys_init.o)
                0x01004844                alt_irq_init
                0x01004878                alt_sys_init
 .text          0x01004b34      0x148 ../lcd_pixel_scan_bsp/\libhal_bsp.a(altera_avalon_jtag_uart_fd.o)
                0x01004b34                altera_avalon_jtag_uart_read_fd
                0x01004b8c                altera_avalon_jtag_uart_write_fd
                0x01004be4                altera_avalon_jtag_uart_close_fd
                0x01004c2c                altera_avalon_jtag_uart_ioctl_fd
 .text          0x01004c7c      0x40c ../lcd_pixel_scan_bsp/\libhal_bsp.a(altera_avalon_jtag_uart_init.o)
                0x01004c7c                altera_avalon_jtag_uart_init
                0x01005014                altera_avalon_jtag_uart_close
 .text          0x01005088       0xf4 ../lcd_pixel_scan_bsp/\libhal_bsp.a(altera_avalon_jtag_uart_ioctl.o)
                0x01005088                altera_avalon_jtag_uart_ioctl
 .text          0x0100517c      0x224 ../lcd_pixel_scan_bsp/\libhal_bsp.a(altera_avalon_jtag_uart_read.o)
                0x0100517c                altera_avalon_jtag_uart_read
 .text          0x010053a0      0x240 ../lcd_pixel_scan_bsp/\libhal_bsp.a(altera_avalon_jtag_uart_write.o)
                0x010053a0                altera_avalon_jtag_uart_write
 .text          0x010055e0      0xf80 ../lcd_pixel_scan_bsp/\libhal_bsp.a(altera_avalon_lcd_16207.o)
                0x01005e1c                altera_avalon_lcd_16207_write
                0x01006424                altera_avalon_lcd_16207_init
 .text          0x01006560       0x58 ../lcd_pixel_scan_bsp/\libhal_bsp.a(altera_avalon_lcd_16207_fd.o)
                0x01006560                altera_avalon_lcd_16207_write_fd
 .text          0x010065b8      0x100 ../lcd_pixel_scan_bsp/\libhal_bsp.a(altera_avalon_timer_sc.o)
                0x01006628                alt_avalon_timer_sc_init
 .text          0x010066b8      0x154 ../lcd_pixel_scan_bsp/\libhal_bsp.a(alt_alarm_start.o)
                0x010066b8                alt_alarm_start
 .text          0x0100680c       0x1c ../lcd_pixel_scan_bsp/\libhal_bsp.a(alt_dcache_flush_all.o)
                0x0100680c                alt_dcache_flush_all
 .text          0x01006828      0x114 ../lcd_pixel_scan_bsp/\libhal_bsp.a(alt_dev_llist_insert.o)
                0x01006828                alt_dev_llist_insert
 .text          0x0100693c       0x64 ../lcd_pixel_scan_bsp/\libhal_bsp.a(alt_do_ctors.o)
                0x0100693c                _do_ctors
 .text          0x010069a0       0x64 ../lcd_pixel_scan_bsp/\libhal_bsp.a(alt_do_dtors.o)
                0x010069a0                _do_dtors
 .text          0x01006a04       0x94 ../lcd_pixel_scan_bsp/\libhal_bsp.a(alt_find_dev.o)
                0x01006a04                alt_find_dev
 .text          0x01006a98      0x120 ../lcd_pixel_scan_bsp/\libhal_bsp.a(alt_find_file.o)
                0x01006a98                alt_find_file
 .text          0x01006bb8       0xd0 ../lcd_pixel_scan_bsp/\libhal_bsp.a(alt_get_fd.o)
                0x01006bb8                alt_get_fd
 .text          0x01006c88       0x1c ../lcd_pixel_scan_bsp/\libhal_bsp.a(alt_icache_flush_all.o)
                0x01006c88                alt_icache_flush_all
 .text          0x01006ca4      0x1d4 ../lcd_pixel_scan_bsp/\libhal_bsp.a(alt_iic.o)
                0x01006ca4                alt_ic_isr_register
                0x01006cf4                alt_ic_irq_enable
                0x01006d90                alt_ic_irq_disable
                0x01006e30                alt_ic_irq_enabled
 .text          0x01006e78       0xf8 ../lcd_pixel_scan_bsp/\libhal_bsp.a(alt_iic_isr_register.o)
                0x01006e78                alt_iic_isr_register
 .text          0x01006f70      0x150 ../lcd_pixel_scan_bsp/\libhal_bsp.a(alt_io_redirect.o)
                0x01007048                alt_io_redirect
 .text          0x010070c0        0x0 ../lcd_pixel_scan_bsp/\libhal_bsp.a(alt_irq_entry.o)
 .text          0x010070c0        0x0 ../lcd_pixel_scan_bsp/\libhal_bsp.a(alt_irq_handler.o)
 .text          0x010070c0        0x0 ../lcd_pixel_scan_bsp/\libhal_bsp.a(alt_irq_vars.o)
 .text          0x010070c0      0x1a4 ../lcd_pixel_scan_bsp/\libhal_bsp.a(alt_tick.o)
                0x010070c0                alt_alarm_stop
                0x01007158                alt_tick
 .text          0x01007264       0x30 ../lcd_pixel_scan_bsp/\libhal_bsp.a(alt_usleep.o)
                0x01007264                usleep
 .text          0x01007294       0x20 ../lcd_pixel_scan_bsp/\libhal_bsp.a(altera_nios2_qsys_irq.o)
                0x01007294                altera_nios2_qsys_irq_init
 .text          0x010072b4      0x15c ../lcd_pixel_scan_bsp/\libhal_bsp.a(alt_busy_sleep.o)
                0x010072b4                alt_busy_sleep
 .text          0x01007410        0x0 ../lcd_pixel_scan_bsp/\libhal_bsp.a(alt_exception_entry.o)
 .text          0x01007410       0x14 c:/altera/13.0sp1/nios2eds/bin/gnu/h-i686-mingw32/bin/../lib/gcc/nios2-elf/4.1.2/../../../../nios2-elf/lib/mno-hw-mul\libc.a(lib_a-atexit.o)
                0x01007410                atexit
 .text          0x01007424        0x0 c:/altera/13.0sp1/nios2eds/bin/gnu/h-i686-mingw32/bin/../lib/gcc/nios2-elf/4.1.2/../../../../nios2-elf/lib/mno-hw-mul\libc.a(lib_a-ctype_.o)
 .text          0x01007424       0x38 c:/altera/13.0sp1/nios2eds/bin/gnu/h-i686-mingw32/bin/../lib/gcc/nios2-elf/4.1.2/../../../../nios2-elf/lib/mno-hw-mul\libc.a(lib_a-exit.o)
                0x01007424                exit
 .text          0x0100745c       0x74 c:/altera/13.0sp1/nios2eds/bin/gnu/h-i686-mingw32/bin/../lib/gcc/nios2-elf/4.1.2/../../../../nios2-elf/lib/mno-hw-mul\libc.a(lib_a-memcmp.o)
                0x0100745c                memcmp
 .text          0x010074d0      0x134 c:/altera/13.0sp1/nios2eds/bin/gnu/h-i686-mingw32/bin/../lib/gcc/nios2-elf/4.1.2/../../../../nios2-elf/lib/mno-hw-mul\libc.a(lib_a-__atexit.o)
                0x010074d0                __register_exitproc
 .text          0x01007604      0x1b4 c:/altera/13.0sp1/nios2eds/bin/gnu/h-i686-mingw32/bin/../lib/gcc/nios2-elf/4.1.2/../../../../nios2-elf/lib/mno-hw-mul\libc.a(lib_a-__call_atexit.o)
                0x01007608                __call_exitprocs
 .text          0x010077b8       0x60 ../lcd_pixel_scan_bsp/\libhal_bsp.a(alt_exit.o)
                0x010077f8                _exit
 *(.gnu.warning.*)
 *(.fini)
                0x01007818                PROVIDE (__etext, ABSOLUTE (.))
                0x01007818                PROVIDE (_etext, ABSOLUTE (.))
                0x01007818                PROVIDE (etext, ABSOLUTE (.))
 *(.eh_frame_hdr)
                0x01007818                . = ALIGN (0x4)
                0x01007818                PROVIDE (__preinit_array_start, ABSOLUTE (.))
 *(.preinit_array)
                0x01007818                PROVIDE (__preinit_array_end, ABSOLUTE (.))
                0x01007818                PROVIDE (__init_array_start, ABSOLUTE (.))
 *(.init_array)
                0x01007818                PROVIDE (__init_array_end, ABSOLUTE (.))
                0x01007818                PROVIDE (__fini_array_start, ABSOLUTE (.))
 *(.fini_array)
                0x01007818                PROVIDE (__fini_array_end, ABSOLUTE (.))
 *(.eh_frame)
 *(.gcc_except_table)
 *(.dynamic)
                0x01007818                PROVIDE (__CTOR_LIST__, ABSOLUTE (.))
 *(.ctors)
 *(SORT(.ctors.*))
 .ctors.65535   0x01007818        0x4 c:/altera/13.0sp1/nios2eds/bin/gnu/h-i686-mingw32/bin/../lib/gcc/nios2-elf/4.1.2/../../../../nios2-elf/lib/mno-hw-mul\libc.a(lib_a-__call_atexit.o)
                0x0100781c                PROVIDE (__CTOR_END__, ABSOLUTE (.))
                0x0100781c                PROVIDE (__DTOR_LIST__, ABSOLUTE (.))
 *(.dtors)
 *(SORT(.dtors.*))
                0x0100781c                PROVIDE (__DTOR_END__, ABSOLUTE (.))
 *(.jcr)
                0x0100781c                . = ALIGN (0x4)

.rodata         0x0100781c      0x378
                0x0100781c                PROVIDE (__ram_rodata_start, ABSOLUTE (.))
                0x0100781c                . = ALIGN (0x4)
 *(.rodata .rodata.* .gnu.linkonce.r.*)
 .rodata        0x0100781c       0x58 obj/default/hello_world.o
 .rodata.str1.4
                0x01007874        0x2 c:/altera/13.0sp1/nios2eds/bin/gnu/h-i686-mingw32/bin/../lib/gcc/nios2-elf/4.1.2/../../../../nios2-elf/lib/mno-hw-mul\libc.a(lib_a-impure.o)
                                  0x4 (size before relaxing)
 *fill*         0x01007876        0x2 00
 .rodata.str1.4
                0x01007878        0x4 c:/altera/13.0sp1/nios2eds/bin/gnu/h-i686-mingw32/bin/../lib/gcc/nios2-elf/4.1.2/../../../../nios2-elf/lib/mno-hw-mul\libc.a(lib_a-puts.o)
 .rodata        0x0100787c        0xc ../lcd_pixel_scan_bsp/\libhal_bsp.a(alt_dev.o)
 .rodata        0x01007888       0x14 ../lcd_pixel_scan_bsp/\libhal_bsp.a(alt_main.o)
 .rodata        0x0100789c       0x74 ../lcd_pixel_scan_bsp/\libhal_bsp.a(alt_sys_init.o)
 .rodata        0x01007910      0x281 c:/altera/13.0sp1/nios2eds/bin/gnu/h-i686-mingw32/bin/../lib/gcc/nios2-elf/4.1.2/../../../../nios2-elf/lib/mno-hw-mul\libc.a(lib_a-ctype_.o)
                0x01007910                _ctype_
 *(.rodata1)
                0x01007b94                . = ALIGN (0x4)
 *fill*         0x01007b91        0x3 00
                0x01007b94                PROVIDE (__ram_rodata_end, ABSOLUTE (.))
                0x0100781c                PROVIDE (__flash_rodata_start, LOADADDR (.rodata))

.rwdata         0x01007b94     0x1c20 load address 0x010097b4
                0x01007b94                PROVIDE (__ram_rwdata_start, ABSOLUTE (.))
                0x01007b94                . = ALIGN (0x4)
 *(.got.plt)
 *(.got)
 *(.data1)
 *(.data .data.* .gnu.linkonce.d.*)
 .data          0x01007b94        0x0 ../lcd_pixel_scan_bsp//obj/HAL/src/crt0.o
 .data          0x01007b94        0x0 obj/default/hello_world.o
 .data          0x01007b94        0x0 c:/altera/13.0sp1/nios2eds/bin/gnu/h-i686-mingw32/bin/../lib/gcc/nios2-elf/4.1.2/../../../../nios2-elf/lib/mno-hw-mul\libc.a(lib_a-fclose.o)
 .data          0x01007b94        0x0 c:/altera/13.0sp1/nios2eds/bin/gnu/h-i686-mingw32/bin/../lib/gcc/nios2-elf/4.1.2/../../../../nios2-elf/lib/mno-hw-mul\libc.a(lib_a-fflush.o)
 .data          0x01007b94        0x0 c:/altera/13.0sp1/nios2eds/bin/gnu/h-i686-mingw32/bin/../lib/gcc/nios2-elf/4.1.2/../../../../nios2-elf/lib/mno-hw-mul\libc.a(lib_a-findfp.o)
 .data          0x01007b94        0x0 c:/altera/13.0sp1/nios2eds/bin/gnu/h-i686-mingw32/bin/../lib/gcc/nios2-elf/4.1.2/../../../../nios2-elf/lib/mno-hw-mul\libc.a(lib_a-fopen.o)
 .data          0x01007b94        0x0 c:/altera/13.0sp1/nios2eds/bin/gnu/h-i686-mingw32/bin/../lib/gcc/nios2-elf/4.1.2/../../../../nios2-elf/lib/mno-hw-mul\libc.a(lib_a-fputs.o)
 .data          0x01007b94        0x0 c:/altera/13.0sp1/nios2eds/bin/gnu/h-i686-mingw32/bin/../lib/gcc/nios2-elf/4.1.2/../../../../nios2-elf/lib/mno-hw-mul\libc.a(lib_a-freer.o)
 .data          0x01007b94        0x0 c:/altera/13.0sp1/nios2eds/bin/gnu/h-i686-mingw32/bin/../lib/gcc/nios2-elf/4.1.2/../../../../nios2-elf/lib/mno-hw-mul\libc.a(lib_a-fseek.o)
 .data          0x01007b94        0x0 c:/altera/13.0sp1/nios2eds/bin/gnu/h-i686-mingw32/bin/../lib/gcc/nios2-elf/4.1.2/../../../../nios2-elf/lib/mno-hw-mul\libc.a(lib_a-fstatr.o)
 .data          0x01007b94        0x0 c:/altera/13.0sp1/nios2eds/bin/gnu/h-i686-mingw32/bin/../lib/gcc/nios2-elf/4.1.2/../../../../nios2-elf/lib/mno-hw-mul\libc.a(lib_a-fvwrite.o)
 .data          0x01007b94        0x0 c:/altera/13.0sp1/nios2eds/bin/gnu/h-i686-mingw32/bin/../lib/gcc/nios2-elf/4.1.2/../../../../nios2-elf/lib/mno-hw-mul\libc.a(lib_a-fwalk.o)
 .data          0x01007b94        0x0 c:/altera/13.0sp1/nios2eds/bin/gnu/h-i686-mingw32/bin/../lib/gcc/nios2-elf/4.1.2/../../../../nios2-elf/lib/mno-hw-mul\libc.a(lib_a-fwrite.o)
 .data          0x01007b94      0x400 c:/altera/13.0sp1/nios2eds/bin/gnu/h-i686-mingw32/bin/../lib/gcc/nios2-elf/4.1.2/../../../../nios2-elf/lib/mno-hw-mul\libc.a(lib_a-impure.o)
 .data          0x01007f94        0x0 c:/altera/13.0sp1/nios2eds/bin/gnu/h-i686-mingw32/bin/../lib/gcc/nios2-elf/4.1.2/../../../../nios2-elf/lib/mno-hw-mul\libc.a(lib_a-int_errno.o)
 .data          0x01007f94        0x0 c:/altera/13.0sp1/nios2eds/bin/gnu/h-i686-mingw32/bin/../lib/gcc/nios2-elf/4.1.2/../../../../nios2-elf/lib/mno-hw-mul\libc.a(lib_a-makebuf.o)
 .data          0x01007f94        0x0 c:/altera/13.0sp1/nios2eds/bin/gnu/h-i686-mingw32/bin/../lib/gcc/nios2-elf/4.1.2/../../../../nios2-elf/lib/mno-hw-mul\libc.a(lib_a-malloc.o)
 .data          0x01007f94      0x408 c:/altera/13.0sp1/nios2eds/bin/gnu/h-i686-mingw32/bin/../lib/gcc/nios2-elf/4.1.2/../../../../nios2-elf/lib/mno-hw-mul\libc.a(lib_a-mallocr.o)
                0x01007f94                __malloc_av_
 .data          0x0100839c        0x0 c:/altera/13.0sp1/nios2eds/bin/gnu/h-i686-mingw32/bin/../lib/gcc/nios2-elf/4.1.2/../../../../nios2-elf/lib/mno-hw-mul\libc.a(lib_a-memchr.o)
 .data          0x0100839c        0x0 c:/altera/13.0sp1/nios2eds/bin/gnu/h-i686-mingw32/bin/../lib/gcc/nios2-elf/4.1.2/../../../../nios2-elf/lib/mno-hw-mul\libc.a(lib_a-memcpy.o)
 .data          0x0100839c        0x0 c:/altera/13.0sp1/nios2eds/bin/gnu/h-i686-mingw32/bin/../lib/gcc/nios2-elf/4.1.2/../../../../nios2-elf/lib/mno-hw-mul\libc.a(lib_a-memmove.o)
 .data          0x0100839c        0x0 c:/altera/13.0sp1/nios2eds/bin/gnu/h-i686-mingw32/bin/../lib/gcc/nios2-elf/4.1.2/../../../../nios2-elf/lib/mno-hw-mul\libc.a(lib_a-memset.o)
 .data          0x0100839c        0x0 c:/altera/13.0sp1/nios2eds/bin/gnu/h-i686-mingw32/bin/../lib/gcc/nios2-elf/4.1.2/../../../../nios2-elf/lib/mno-hw-mul\libc.a(lib_a-openr.o)
 .data          0x0100839c        0x0 c:/altera/13.0sp1/nios2eds/bin/gnu/h-i686-mingw32/bin/../lib/gcc/nios2-elf/4.1.2/../../../../nios2-elf/lib/mno-hw-mul\libc.a(lib_a-puts.o)
 .data          0x0100839c        0x0 c:/altera/13.0sp1/nios2eds/bin/gnu/h-i686-mingw32/bin/../lib/gcc/nios2-elf/4.1.2/../../../../nios2-elf/lib/mno-hw-mul\libc.a(lib_a-reallocr.o)
 .data          0x0100839c        0x0 c:/altera/13.0sp1/nios2eds/bin/gnu/h-i686-mingw32/bin/../lib/gcc/nios2-elf/4.1.2/../../../../nios2-elf/lib/mno-hw-mul\libc.a(lib_a-refill.o)
 .data          0x0100839c        0x0 c:/altera/13.0sp1/nios2eds/bin/gnu/h-i686-mingw32/bin/../lib/gcc/nios2-elf/4.1.2/../../../../nios2-elf/lib/mno-hw-mul\libc.a(lib_a-sbrkr.o)
 .data          0x0100839c        0x0 c:/altera/13.0sp1/nios2eds/bin/gnu/h-i686-mingw32/bin/../lib/gcc/nios2-elf/4.1.2/../../../../nios2-elf/lib/mno-hw-mul\libc.a(lib_a-stdio.o)
 .data          0x0100839c        0x0 c:/altera/13.0sp1/nios2eds/bin/gnu/h-i686-mingw32/bin/../lib/gcc/nios2-elf/4.1.2/../../../../nios2-elf/lib/mno-hw-mul\libc.a(lib_a-strcat.o)
 .data          0x0100839c        0x0 c:/altera/13.0sp1/nios2eds/bin/gnu/h-i686-mingw32/bin/../lib/gcc/nios2-elf/4.1.2/../../../../nios2-elf/lib/mno-hw-mul\libc.a(lib_a-strcpy.o)
 .data          0x0100839c        0x0 c:/altera/13.0sp1/nios2eds/bin/gnu/h-i686-mingw32/bin/../lib/gcc/nios2-elf/4.1.2/../../../../nios2-elf/lib/mno-hw-mul\libc.a(lib_a-strlen.o)
 .data          0x0100839c        0x0 c:/altera/13.0sp1/nios2eds/bin/gnu/h-i686-mingw32/bin/../lib/gcc/nios2-elf/4.1.2/../../../../nios2-elf/lib/mno-hw-mul\libc.a(lib_a-writer.o)
 .data          0x0100839c        0x0 c:/altera/13.0sp1/nios2eds/bin/gnu/h-i686-mingw32/bin/../lib/gcc/nios2-elf/4.1.2/../../../../nios2-elf/lib/mno-hw-mul\libc.a(lib_a-wsetup.o)
 .data          0x0100839c        0x0 c:/altera/13.0sp1/nios2eds/bin/gnu/h-i686-mingw32/bin/../lib/gcc/nios2-elf/4.1.2/../../../../nios2-elf/lib/mno-hw-mul\libc.a(lib_a-closer.o)
 .data          0x0100839c        0x0 c:/altera/13.0sp1/nios2eds/bin/gnu/h-i686-mingw32/bin/../lib/gcc/nios2-elf/4.1.2/../../../../nios2-elf/lib/mno-hw-mul\libc.a(lib_a-flags.o)
 .data          0x0100839c        0x0 c:/altera/13.0sp1/nios2eds/bin/gnu/h-i686-mingw32/bin/../lib/gcc/nios2-elf/4.1.2/../../../../nios2-elf/lib/mno-hw-mul\libc.a(lib_a-isattyr.o)
 .data          0x0100839c        0x0 c:/altera/13.0sp1/nios2eds/bin/gnu/h-i686-mingw32/bin/../lib/gcc/nios2-elf/4.1.2/../../../../nios2-elf/lib/mno-hw-mul\libc.a(lib_a-lseekr.o)
 .data          0x0100839c        0x0 c:/altera/13.0sp1/nios2eds/bin/gnu/h-i686-mingw32/bin/../lib/gcc/nios2-elf/4.1.2/../../../../nios2-elf/lib/mno-hw-mul\libc.a(lib_a-readr.o)
 .data          0x0100839c        0x0 c:/altera/13.0sp1/nios2eds/bin/gnu/h-i686-mingw32/bin/../lib/gcc/nios2-elf/4.1.2/mno-hw-mul\libgcc.a(lib2-divmod.o)
 .data          0x0100839c        0x0 c:/altera/13.0sp1/nios2eds/bin/gnu/h-i686-mingw32/bin/../lib/gcc/nios2-elf/4.1.2/mno-hw-mul\libgcc.a(lib2-mul.o)
 .data          0x0100839c        0x0 ../lcd_pixel_scan_bsp/\libhal_bsp.a(alt_close.o)
 .data          0x0100839c      0x1a8 ../lcd_pixel_scan_bsp/\libhal_bsp.a(alt_dev.o)
                0x0100839c                alt_dev_null
                0x010083c4                alt_fd_list
 .data          0x01008544        0x0 ../lcd_pixel_scan_bsp/\libhal_bsp.a(alt_errno.o)
 .data          0x01008544        0x0 ../lcd_pixel_scan_bsp/\libhal_bsp.a(alt_fstat.o)
 .data          0x01008544        0x0 ../lcd_pixel_scan_bsp/\libhal_bsp.a(alt_isatty.o)
 .data          0x01008544        0x0 ../lcd_pixel_scan_bsp/\libhal_bsp.a(alt_load.o)
 .data          0x01008544        0x0 ../lcd_pixel_scan_bsp/\libhal_bsp.a(alt_lseek.o)
 .data          0x01008544        0x0 ../lcd_pixel_scan_bsp/\libhal_bsp.a(alt_main.o)
 .data          0x01008544        0x0 ../lcd_pixel_scan_bsp/\libhal_bsp.a(alt_malloc_lock.o)
 .data          0x01008544        0x0 ../lcd_pixel_scan_bsp/\libhal_bsp.a(alt_open.o)
 .data          0x01008544        0x0 ../lcd_pixel_scan_bsp/\libhal_bsp.a(alt_read.o)
 .data          0x01008544        0x0 ../lcd_pixel_scan_bsp/\libhal_bsp.a(alt_release_fd.o)
 .data          0x01008544        0x0 ../lcd_pixel_scan_bsp/\libhal_bsp.a(alt_sbrk.o)
 .data          0x01008544        0x0 ../lcd_pixel_scan_bsp/\libhal_bsp.a(alt_write.o)
 .data          0x01008544     0x1230 ../lcd_pixel_scan_bsp/\libhal_bsp.a(alt_sys_init.o)
 .data          0x01009774        0x0 ../lcd_pixel_scan_bsp/\libhal_bsp.a(altera_avalon_jtag_uart_fd.o)
 .data          0x01009774        0x0 ../lcd_pixel_scan_bsp/\libhal_bsp.a(altera_avalon_jtag_uart_init.o)
 .data          0x01009774        0x0 ../lcd_pixel_scan_bsp/\libhal_bsp.a(altera_avalon_jtag_uart_ioctl.o)
 .data          0x01009774        0x0 ../lcd_pixel_scan_bsp/\libhal_bsp.a(altera_avalon_jtag_uart_read.o)
 .data          0x01009774        0x0 ../lcd_pixel_scan_bsp/\libhal_bsp.a(altera_avalon_jtag_uart_write.o)
 .data          0x01009774        0x0 ../lcd_pixel_scan_bsp/\libhal_bsp.a(altera_avalon_lcd_16207.o)
 .data          0x01009774        0x0 ../lcd_pixel_scan_bsp/\libhal_bsp.a(altera_avalon_lcd_16207_fd.o)
 .data          0x01009774        0x0 ../lcd_pixel_scan_bsp/\libhal_bsp.a(altera_avalon_timer_sc.o)
 .data          0x01009774        0x0 ../lcd_pixel_scan_bsp/\libhal_bsp.a(alt_alarm_start.o)
 .data          0x01009774        0x0 ../lcd_pixel_scan_bsp/\libhal_bsp.a(alt_dcache_flush_all.o)
 .data          0x01009774        0x0 ../lcd_pixel_scan_bsp/\libhal_bsp.a(alt_dev_llist_insert.o)
 .data          0x01009774        0x0 ../lcd_pixel_scan_bsp/\libhal_bsp.a(alt_do_ctors.o)
 .data          0x01009774        0x0 ../lcd_pixel_scan_bsp/\libhal_bsp.a(alt_do_dtors.o)
 .data          0x01009774        0x0 ../lcd_pixel_scan_bsp/\libhal_bsp.a(alt_find_dev.o)
 .data          0x01009774        0x0 ../lcd_pixel_scan_bsp/\libhal_bsp.a(alt_find_file.o)
 .data          0x01009774        0x0 ../lcd_pixel_scan_bsp/\libhal_bsp.a(alt_get_fd.o)
 .data          0x01009774        0x0 ../lcd_pixel_scan_bsp/\libhal_bsp.a(alt_icache_flush_all.o)
 .data          0x01009774        0x0 ../lcd_pixel_scan_bsp/\libhal_bsp.a(alt_iic.o)
 .data          0x01009774        0x0 ../lcd_pixel_scan_bsp/\libhal_bsp.a(alt_iic_isr_register.o)
 .data          0x01009774        0x0 ../lcd_pixel_scan_bsp/\libhal_bsp.a(alt_io_redirect.o)
 .data          0x01009774        0x0 ../lcd_pixel_scan_bsp/\libhal_bsp.a(alt_irq_entry.o)
 .data          0x01009774        0x0 ../lcd_pixel_scan_bsp/\libhal_bsp.a(alt_irq_handler.o)
 .data          0x01009774        0x0 ../lcd_pixel_scan_bsp/\libhal_bsp.a(alt_irq_vars.o)
 .data          0x01009774        0x0 ../lcd_pixel_scan_bsp/\libhal_bsp.a(alt_tick.o)
 .data          0x01009774        0x0 ../lcd_pixel_scan_bsp/\libhal_bsp.a(alt_usleep.o)
 .data          0x01009774        0x0 ../lcd_pixel_scan_bsp/\libhal_bsp.a(altera_nios2_qsys_irq.o)
 .data          0x01009774        0x0 ../lcd_pixel_scan_bsp/\libhal_bsp.a(alt_busy_sleep.o)
 .data          0x01009774        0x0 ../lcd_pixel_scan_bsp/\libhal_bsp.a(alt_exception_entry.o)
 .data          0x01009774        0x0 c:/altera/13.0sp1/nios2eds/bin/gnu/h-i686-mingw32/bin/../lib/gcc/nios2-elf/4.1.2/../../../../nios2-elf/lib/mno-hw-mul\libc.a(lib_a-atexit.o)
 .data          0x01009774        0x0 c:/altera/13.0sp1/nios2eds/bin/gnu/h-i686-mingw32/bin/../lib/gcc/nios2-elf/4.1.2/../../../../nios2-elf/lib/mno-hw-mul\libc.a(lib_a-ctype_.o)
 .data          0x01009774        0x0 c:/altera/13.0sp1/nios2eds/bin/gnu/h-i686-mingw32/bin/../lib/gcc/nios2-elf/4.1.2/../../../../nios2-elf/lib/mno-hw-mul\libc.a(lib_a-exit.o)
 .data          0x01009774        0x0 c:/altera/13.0sp1/nios2eds/bin/gnu/h-i686-mingw32/bin/../lib/gcc/nios2-elf/4.1.2/../../../../nios2-elf/lib/mno-hw-mul\libc.a(lib_a-memcmp.o)
 .data          0x01009774        0x0 c:/altera/13.0sp1/nios2eds/bin/gnu/h-i686-mingw32/bin/../lib/gcc/nios2-elf/4.1.2/../../../../nios2-elf/lib/mno-hw-mul\libc.a(lib_a-__atexit.o)
 .data          0x01009774        0x0 c:/altera/13.0sp1/nios2eds/bin/gnu/h-i686-mingw32/bin/../lib/gcc/nios2-elf/4.1.2/../../../../nios2-elf/lib/mno-hw-mul\libc.a(lib_a-__call_atexit.o)
 .data          0x01009774        0x0 ../lcd_pixel_scan_bsp/\libhal_bsp.a(alt_exit.o)
                0x01011774                _gp = ABSOLUTE ((. + 0x8000))
                0x01011774                PROVIDE (gp, _gp)
 *(.rwdata .rwdata.*)
 *(.sdata .sdata.* .gnu.linkonce.s.*)
 .sdata         0x01009774        0x8 c:/altera/13.0sp1/nios2eds/bin/gnu/h-i686-mingw32/bin/../lib/gcc/nios2-elf/4.1.2/../../../../nios2-elf/lib/mno-hw-mul\libc.a(lib_a-impure.o)
                0x01009774                _impure_ptr
                0x01009778                _global_impure_ptr
 .sdata         0x0100977c        0x8 c:/altera/13.0sp1/nios2eds/bin/gnu/h-i686-mingw32/bin/../lib/gcc/nios2-elf/4.1.2/../../../../nios2-elf/lib/mno-hw-mul\libc.a(lib_a-mallocr.o)
                0x0100977c                __malloc_trim_threshold
                0x01009780                __malloc_sbrk_base
 .sdata         0x01009784       0x14 ../lcd_pixel_scan_bsp/\libhal_bsp.a(alt_dev.o)
                0x01009784                alt_fs_list
                0x0100978c                alt_dev_list
                0x01009794                alt_max_fd
 .sdata         0x01009798        0x4 ../lcd_pixel_scan_bsp/\libhal_bsp.a(alt_errno.o)
                0x01009798                alt_errno
 .sdata         0x0100979c        0x4 ../lcd_pixel_scan_bsp/\libhal_bsp.a(alt_sbrk.o)
 .sdata         0x010097a0        0x4 ../lcd_pixel_scan_bsp/\libhal_bsp.a(altera_avalon_lcd_16207.o)
 .sdata         0x010097a4        0x4 ../lcd_pixel_scan_bsp/\libhal_bsp.a(alt_irq_vars.o)
                0x010097a4                alt_priority_mask
 .sdata         0x010097a8        0x8 ../lcd_pixel_scan_bsp/\libhal_bsp.a(alt_tick.o)
                0x010097a8                alt_alarm_list
 .sdata         0x010097b0        0x4 c:/altera/13.0sp1/nios2eds/bin/gnu/h-i686-mingw32/bin/../lib/gcc/nios2-elf/4.1.2/../../../../nios2-elf/lib/mno-hw-mul\libc.a(lib_a-ctype_.o)
                0x010097b0                __ctype_ptr
 *(.sdata2 .sdata2.* .gnu.linkonce.s2.*)
                0x010097b4                . = ALIGN (0x4)
                0x010097b4                _edata = ABSOLUTE (.)
                0x010097b4                PROVIDE (edata, ABSOLUTE (.))
                0x010097b4                PROVIDE (__ram_rwdata_end, ABSOLUTE (.))
                0x010097b4                PROVIDE (__flash_rwdata_start, LOADADDR (.rwdata))

.bss            0x0100b3d4      0x2e4
                0x0100b3d4                __bss_start = ABSOLUTE (.)
                0x0100b3d4                PROVIDE (__sbss_start, ABSOLUTE (.))
                0x0100b3d4                PROVIDE (___sbss_start, ABSOLUTE (.))
 *(.dynsbss)
 *(.sbss .sbss.* .gnu.linkonce.sb.*)
 .sbss          0x0100b3d4        0x4 obj/default/hello_world.o
                0x0100b3d4                fp
 .sbss          0x0100b3d8        0x4 c:/altera/13.0sp1/nios2eds/bin/gnu/h-i686-mingw32/bin/../lib/gcc/nios2-elf/4.1.2/../../../../nios2-elf/lib/mno-hw-mul\libc.a(lib_a-int_errno.o)
                0x0100b3d8                errno
 .sbss          0x0100b3dc        0xc c:/altera/13.0sp1/nios2eds/bin/gnu/h-i686-mingw32/bin/../lib/gcc/nios2-elf/4.1.2/../../../../nios2-elf/lib/mno-hw-mul\libc.a(lib_a-mallocr.o)
                0x0100b3dc                __malloc_top_pad
                0x0100b3e0                __malloc_max_sbrked_mem
                0x0100b3e4                __malloc_max_total_mem
 .sbss          0x0100b3e8        0xc ../lcd_pixel_scan_bsp/\libhal_bsp.a(alt_main.o)
                0x0100b3e8                alt_argc
                0x0100b3ec                alt_argv
                0x0100b3f0                alt_envp
 .sbss          0x0100b3f4        0x4 ../lcd_pixel_scan_bsp/\libhal_bsp.a(alt_irq_vars.o)
                0x0100b3f4                alt_irq_active
 .sbss          0x0100b3f8        0x8 ../lcd_pixel_scan_bsp/\libhal_bsp.a(alt_tick.o)
                0x0100b3f8                _alt_tick_rate
                0x0100b3fc                _alt_nticks
 *(.sbss2 .sbss2.* .gnu.linkonce.sb2.*)
 *(.scommon)
                0x0100b400                PROVIDE (__sbss_end, ABSOLUTE (.))
                0x0100b400                PROVIDE (___sbss_end, ABSOLUTE (.))
 *(.dynbss)
 *(.bss .bss.* .gnu.linkonce.b.*)
 .bss           0x0100b400        0x0 ../lcd_pixel_scan_bsp//obj/HAL/src/crt0.o
 .bss           0x0100b400        0x0 obj/default/hello_world.o
 .bss           0x0100b400        0x0 c:/altera/13.0sp1/nios2eds/bin/gnu/h-i686-mingw32/bin/../lib/gcc/nios2-elf/4.1.2/../../../../nios2-elf/lib/mno-hw-mul\libc.a(lib_a-fclose.o)
 .bss           0x0100b400        0x0 c:/altera/13.0sp1/nios2eds/bin/gnu/h-i686-mingw32/bin/../lib/gcc/nios2-elf/4.1.2/../../../../nios2-elf/lib/mno-hw-mul\libc.a(lib_a-fflush.o)
 .bss           0x0100b400        0x0 c:/altera/13.0sp1/nios2eds/bin/gnu/h-i686-mingw32/bin/../lib/gcc/nios2-elf/4.1.2/../../../../nios2-elf/lib/mno-hw-mul\libc.a(lib_a-findfp.o)
 .bss           0x0100b400        0x0 c:/altera/13.0sp1/nios2eds/bin/gnu/h-i686-mingw32/bin/../lib/gcc/nios2-elf/4.1.2/../../../../nios2-elf/lib/mno-hw-mul\libc.a(lib_a-fopen.o)
 .bss           0x0100b400        0x0 c:/altera/13.0sp1/nios2eds/bin/gnu/h-i686-mingw32/bin/../lib/gcc/nios2-elf/4.1.2/../../../../nios2-elf/lib/mno-hw-mul\libc.a(lib_a-fputs.o)
 .bss           0x0100b400        0x0 c:/altera/13.0sp1/nios2eds/bin/gnu/h-i686-mingw32/bin/../lib/gcc/nios2-elf/4.1.2/../../../../nios2-elf/lib/mno-hw-mul\libc.a(lib_a-freer.o)
 .bss           0x0100b400        0x0 c:/altera/13.0sp1/nios2eds/bin/gnu/h-i686-mingw32/bin/../lib/gcc/nios2-elf/4.1.2/../../../../nios2-elf/lib/mno-hw-mul\libc.a(lib_a-fseek.o)
 .bss           0x0100b400        0x0 c:/altera/13.0sp1/nios2eds/bin/gnu/h-i686-mingw32/bin/../lib/gcc/nios2-elf/4.1.2/../../../../nios2-elf/lib/mno-hw-mul\libc.a(lib_a-fstatr.o)
 .bss           0x0100b400        0x0 c:/altera/13.0sp1/nios2eds/bin/gnu/h-i686-mingw32/bin/../lib/gcc/nios2-elf/4.1.2/../../../../nios2-elf/lib/mno-hw-mul\libc.a(lib_a-fvwrite.o)
 .bss           0x0100b400        0x0 c:/altera/13.0sp1/nios2eds/bin/gnu/h-i686-mingw32/bin/../lib/gcc/nios2-elf/4.1.2/../../../../nios2-elf/lib/mno-hw-mul\libc.a(lib_a-fwalk.o)
 .bss           0x0100b400        0x0 c:/altera/13.0sp1/nios2eds/bin/gnu/h-i686-mingw32/bin/../lib/gcc/nios2-elf/4.1.2/../../../../nios2-elf/lib/mno-hw-mul\libc.a(lib_a-fwrite.o)
 .bss           0x0100b400        0x0 c:/altera/13.0sp1/nios2eds/bin/gnu/h-i686-mingw32/bin/../lib/gcc/nios2-elf/4.1.2/../../../../nios2-elf/lib/mno-hw-mul\libc.a(lib_a-impure.o)
 .bss           0x0100b400        0x0 c:/altera/13.0sp1/nios2eds/bin/gnu/h-i686-mingw32/bin/../lib/gcc/nios2-elf/4.1.2/../../../../nios2-elf/lib/mno-hw-mul\libc.a(lib_a-int_errno.o)
 .bss           0x0100b400        0x0 c:/altera/13.0sp1/nios2eds/bin/gnu/h-i686-mingw32/bin/../lib/gcc/nios2-elf/4.1.2/../../../../nios2-elf/lib/mno-hw-mul\libc.a(lib_a-makebuf.o)
 .bss           0x0100b400        0x0 c:/altera/13.0sp1/nios2eds/bin/gnu/h-i686-mingw32/bin/../lib/gcc/nios2-elf/4.1.2/../../../../nios2-elf/lib/mno-hw-mul\libc.a(lib_a-malloc.o)
 .bss           0x0100b400       0x28 c:/altera/13.0sp1/nios2eds/bin/gnu/h-i686-mingw32/bin/../lib/gcc/nios2-elf/4.1.2/../../../../nios2-elf/lib/mno-hw-mul\libc.a(lib_a-mallocr.o)
                0x0100b400                __malloc_current_mallinfo
 .bss           0x0100b428        0x0 c:/altera/13.0sp1/nios2eds/bin/gnu/h-i686-mingw32/bin/../lib/gcc/nios2-elf/4.1.2/../../../../nios2-elf/lib/mno-hw-mul\libc.a(lib_a-memchr.o)
 .bss           0x0100b428        0x0 c:/altera/13.0sp1/nios2eds/bin/gnu/h-i686-mingw32/bin/../lib/gcc/nios2-elf/4.1.2/../../../../nios2-elf/lib/mno-hw-mul\libc.a(lib_a-memcpy.o)
 .bss           0x0100b428        0x0 c:/altera/13.0sp1/nios2eds/bin/gnu/h-i686-mingw32/bin/../lib/gcc/nios2-elf/4.1.2/../../../../nios2-elf/lib/mno-hw-mul\libc.a(lib_a-memmove.o)
 .bss           0x0100b428        0x0 c:/altera/13.0sp1/nios2eds/bin/gnu/h-i686-mingw32/bin/../lib/gcc/nios2-elf/4.1.2/../../../../nios2-elf/lib/mno-hw-mul\libc.a(lib_a-memset.o)
 .bss           0x0100b428        0x0 c:/altera/13.0sp1/nios2eds/bin/gnu/h-i686-mingw32/bin/../lib/gcc/nios2-elf/4.1.2/../../../../nios2-elf/lib/mno-hw-mul\libc.a(lib_a-openr.o)
 .bss           0x0100b428        0x0 c:/altera/13.0sp1/nios2eds/bin/gnu/h-i686-mingw32/bin/../lib/gcc/nios2-elf/4.1.2/../../../../nios2-elf/lib/mno-hw-mul\libc.a(lib_a-puts.o)
 .bss           0x0100b428        0x0 c:/altera/13.0sp1/nios2eds/bin/gnu/h-i686-mingw32/bin/../lib/gcc/nios2-elf/4.1.2/../../../../nios2-elf/lib/mno-hw-mul\libc.a(lib_a-reallocr.o)
 .bss           0x0100b428        0x0 c:/altera/13.0sp1/nios2eds/bin/gnu/h-i686-mingw32/bin/../lib/gcc/nios2-elf/4.1.2/../../../../nios2-elf/lib/mno-hw-mul\libc.a(lib_a-refill.o)
 .bss           0x0100b428        0x0 c:/altera/13.0sp1/nios2eds/bin/gnu/h-i686-mingw32/bin/../lib/gcc/nios2-elf/4.1.2/../../../../nios2-elf/lib/mno-hw-mul\libc.a(lib_a-sbrkr.o)
 .bss           0x0100b428        0x0 c:/altera/13.0sp1/nios2eds/bin/gnu/h-i686-mingw32/bin/../lib/gcc/nios2-elf/4.1.2/../../../../nios2-elf/lib/mno-hw-mul\libc.a(lib_a-stdio.o)
 .bss           0x0100b428        0x0 c:/altera/13.0sp1/nios2eds/bin/gnu/h-i686-mingw32/bin/../lib/gcc/nios2-elf/4.1.2/../../../../nios2-elf/lib/mno-hw-mul\libc.a(lib_a-strcat.o)
 .bss           0x0100b428        0x0 c:/altera/13.0sp1/nios2eds/bin/gnu/h-i686-mingw32/bin/../lib/gcc/nios2-elf/4.1.2/../../../../nios2-elf/lib/mno-hw-mul\libc.a(lib_a-strcpy.o)
 .bss           0x0100b428        0x0 c:/altera/13.0sp1/nios2eds/bin/gnu/h-i686-mingw32/bin/../lib/gcc/nios2-elf/4.1.2/../../../../nios2-elf/lib/mno-hw-mul\libc.a(lib_a-strlen.o)
 .bss           0x0100b428        0x0 c:/altera/13.0sp1/nios2eds/bin/gnu/h-i686-mingw32/bin/../lib/gcc/nios2-elf/4.1.2/../../../../nios2-elf/lib/mno-hw-mul\libc.a(lib_a-writer.o)
 .bss           0x0100b428        0x0 c:/altera/13.0sp1/nios2eds/bin/gnu/h-i686-mingw32/bin/../lib/gcc/nios2-elf/4.1.2/../../../../nios2-elf/lib/mno-hw-mul\libc.a(lib_a-wsetup.o)
 .bss           0x0100b428        0x0 c:/altera/13.0sp1/nios2eds/bin/gnu/h-i686-mingw32/bin/../lib/gcc/nios2-elf/4.1.2/../../../../nios2-elf/lib/mno-hw-mul\libc.a(lib_a-closer.o)
 .bss           0x0100b428        0x0 c:/altera/13.0sp1/nios2eds/bin/gnu/h-i686-mingw32/bin/../lib/gcc/nios2-elf/4.1.2/../../../../nios2-elf/lib/mno-hw-mul\libc.a(lib_a-flags.o)
 .bss           0x0100b428        0x0 c:/altera/13.0sp1/nios2eds/bin/gnu/h-i686-mingw32/bin/../lib/gcc/nios2-elf/4.1.2/../../../../nios2-elf/lib/mno-hw-mul\libc.a(lib_a-isattyr.o)
 .bss           0x0100b428        0x0 c:/altera/13.0sp1/nios2eds/bin/gnu/h-i686-mingw32/bin/../lib/gcc/nios2-elf/4.1.2/../../../../nios2-elf/lib/mno-hw-mul\libc.a(lib_a-lseekr.o)
 .bss           0x0100b428        0x0 c:/altera/13.0sp1/nios2eds/bin/gnu/h-i686-mingw32/bin/../lib/gcc/nios2-elf/4.1.2/../../../../nios2-elf/lib/mno-hw-mul\libc.a(lib_a-readr.o)
 .bss           0x0100b428        0x0 c:/altera/13.0sp1/nios2eds/bin/gnu/h-i686-mingw32/bin/../lib/gcc/nios2-elf/4.1.2/mno-hw-mul\libgcc.a(lib2-divmod.o)
 .bss           0x0100b428        0x0 c:/altera/13.0sp1/nios2eds/bin/gnu/h-i686-mingw32/bin/../lib/gcc/nios2-elf/4.1.2/mno-hw-mul\libgcc.a(lib2-mul.o)
 .bss           0x0100b428        0x0 ../lcd_pixel_scan_bsp/\libhal_bsp.a(alt_close.o)
 .bss           0x0100b428        0x0 ../lcd_pixel_scan_bsp/\libhal_bsp.a(alt_dev.o)
 .bss           0x0100b428        0x0 ../lcd_pixel_scan_bsp/\libhal_bsp.a(alt_errno.o)
 .bss           0x0100b428        0x0 ../lcd_pixel_scan_bsp/\libhal_bsp.a(alt_fstat.o)
 .bss           0x0100b428        0x0 ../lcd_pixel_scan_bsp/\libhal_bsp.a(alt_isatty.o)
 .bss           0x0100b428        0x0 ../lcd_pixel_scan_bsp/\libhal_bsp.a(alt_load.o)
 .bss           0x0100b428        0x0 ../lcd_pixel_scan_bsp/\libhal_bsp.a(alt_lseek.o)
 .bss           0x0100b428        0x0 ../lcd_pixel_scan_bsp/\libhal_bsp.a(alt_main.o)
 .bss           0x0100b428        0x0 ../lcd_pixel_scan_bsp/\libhal_bsp.a(alt_malloc_lock.o)
 .bss           0x0100b428        0x0 ../lcd_pixel_scan_bsp/\libhal_bsp.a(alt_open.o)
 .bss           0x0100b428        0x0 ../lcd_pixel_scan_bsp/\libhal_bsp.a(alt_read.o)
 .bss           0x0100b428        0x0 ../lcd_pixel_scan_bsp/\libhal_bsp.a(alt_release_fd.o)
 .bss           0x0100b428        0x0 ../lcd_pixel_scan_bsp/\libhal_bsp.a(alt_sbrk.o)
 .bss           0x0100b428        0x0 ../lcd_pixel_scan_bsp/\libhal_bsp.a(alt_write.o)
 .bss           0x0100b428        0x0 ../lcd_pixel_scan_bsp/\libhal_bsp.a(alt_sys_init.o)
 .bss           0x0100b428        0x0 ../lcd_pixel_scan_bsp/\libhal_bsp.a(altera_avalon_jtag_uart_fd.o)
 .bss           0x0100b428        0x0 ../lcd_pixel_scan_bsp/\libhal_bsp.a(altera_avalon_jtag_uart_init.o)
 .bss           0x0100b428        0x0 ../lcd_pixel_scan_bsp/\libhal_bsp.a(altera_avalon_jtag_uart_ioctl.o)
 .bss           0x0100b428        0x0 ../lcd_pixel_scan_bsp/\libhal_bsp.a(altera_avalon_jtag_uart_read.o)
 .bss           0x0100b428        0x0 ../lcd_pixel_scan_bsp/\libhal_bsp.a(altera_avalon_jtag_uart_write.o)
 .bss           0x0100b428        0x0 ../lcd_pixel_scan_bsp/\libhal_bsp.a(altera_avalon_lcd_16207.o)
 .bss           0x0100b428        0x0 ../lcd_pixel_scan_bsp/\libhal_bsp.a(altera_avalon_lcd_16207_fd.o)
 .bss           0x0100b428        0x0 ../lcd_pixel_scan_bsp/\libhal_bsp.a(altera_avalon_timer_sc.o)
 .bss           0x0100b428        0x0 ../lcd_pixel_scan_bsp/\libhal_bsp.a(alt_alarm_start.o)
 .bss           0x0100b428        0x0 ../lcd_pixel_scan_bsp/\libhal_bsp.a(alt_dcache_flush_all.o)
 .bss           0x0100b428        0x0 ../lcd_pixel_scan_bsp/\libhal_bsp.a(alt_dev_llist_insert.o)
 .bss           0x0100b428        0x0 ../lcd_pixel_scan_bsp/\libhal_bsp.a(alt_do_ctors.o)
 .bss           0x0100b428        0x0 ../lcd_pixel_scan_bsp/\libhal_bsp.a(alt_do_dtors.o)
 .bss           0x0100b428        0x0 ../lcd_pixel_scan_bsp/\libhal_bsp.a(alt_find_dev.o)
 .bss           0x0100b428        0x0 ../lcd_pixel_scan_bsp/\libhal_bsp.a(alt_find_file.o)
 .bss           0x0100b428        0x0 ../lcd_pixel_scan_bsp/\libhal_bsp.a(alt_get_fd.o)
 .bss           0x0100b428        0x0 ../lcd_pixel_scan_bsp/\libhal_bsp.a(alt_icache_flush_all.o)
 .bss           0x0100b428        0x0 ../lcd_pixel_scan_bsp/\libhal_bsp.a(alt_iic.o)
 .bss           0x0100b428        0x0 ../lcd_pixel_scan_bsp/\libhal_bsp.a(alt_iic_isr_register.o)
 .bss           0x0100b428        0x0 ../lcd_pixel_scan_bsp/\libhal_bsp.a(alt_io_redirect.o)
 .bss           0x0100b428        0x0 ../lcd_pixel_scan_bsp/\libhal_bsp.a(alt_irq_entry.o)
 .bss           0x0100b428        0x0 ../lcd_pixel_scan_bsp/\libhal_bsp.a(alt_irq_handler.o)
 .bss           0x0100b428        0x0 ../lcd_pixel_scan_bsp/\libhal_bsp.a(alt_irq_vars.o)
 .bss           0x0100b428        0x0 ../lcd_pixel_scan_bsp/\libhal_bsp.a(alt_tick.o)
 .bss           0x0100b428        0x0 ../lcd_pixel_scan_bsp/\libhal_bsp.a(alt_usleep.o)
 .bss           0x0100b428        0x0 ../lcd_pixel_scan_bsp/\libhal_bsp.a(altera_nios2_qsys_irq.o)
 .bss           0x0100b428        0x0 ../lcd_pixel_scan_bsp/\libhal_bsp.a(alt_busy_sleep.o)
 .bss           0x0100b428        0x0 ../lcd_pixel_scan_bsp/\libhal_bsp.a(alt_exception_entry.o)
 .bss           0x0100b428        0x0 c:/altera/13.0sp1/nios2eds/bin/gnu/h-i686-mingw32/bin/../lib/gcc/nios2-elf/4.1.2/../../../../nios2-elf/lib/mno-hw-mul\libc.a(lib_a-atexit.o)
 .bss           0x0100b428        0x0 c:/altera/13.0sp1/nios2eds/bin/gnu/h-i686-mingw32/bin/../lib/gcc/nios2-elf/4.1.2/../../../../nios2-elf/lib/mno-hw-mul\libc.a(lib_a-ctype_.o)
 .bss           0x0100b428        0x0 c:/altera/13.0sp1/nios2eds/bin/gnu/h-i686-mingw32/bin/../lib/gcc/nios2-elf/4.1.2/../../../../nios2-elf/lib/mno-hw-mul\libc.a(lib_a-exit.o)
 .bss           0x0100b428        0x0 c:/altera/13.0sp1/nios2eds/bin/gnu/h-i686-mingw32/bin/../lib/gcc/nios2-elf/4.1.2/../../../../nios2-elf/lib/mno-hw-mul\libc.a(lib_a-memcmp.o)
 .bss           0x0100b428        0x0 c:/altera/13.0sp1/nios2eds/bin/gnu/h-i686-mingw32/bin/../lib/gcc/nios2-elf/4.1.2/../../../../nios2-elf/lib/mno-hw-mul\libc.a(lib_a-__atexit.o)
 .bss           0x0100b428        0x0 c:/altera/13.0sp1/nios2eds/bin/gnu/h-i686-mingw32/bin/../lib/gcc/nios2-elf/4.1.2/../../../../nios2-elf/lib/mno-hw-mul\libc.a(lib_a-__call_atexit.o)
 .bss           0x0100b428        0x0 ../lcd_pixel_scan_bsp/\libhal_bsp.a(alt_exit.o)
 *(COMMON)
 COMMON         0x0100b428      0x100 ../lcd_pixel_scan_bsp/\libhal_bsp.a(alt_irq_handler.o)
                0x0100b428                alt_irq
 COMMON         0x0100b528      0x190 c:/altera/13.0sp1/nios2eds/bin/gnu/h-i686-mingw32/bin/../lib/gcc/nios2-elf/4.1.2/../../../../nios2-elf/lib/mno-hw-mul\libc.a(lib_a-atexit.o)
                0x0100b528                _atexit0
                0x0100b6b8                . = ALIGN (0x4)
                0x0100b6b8                __bss_end = ABSOLUTE (.)

.Onchip_Memory  0x00084000        0x0 load address 0x0100b6b8
                0x00084000                PROVIDE (_alt_partition_Onchip_Memory_start, ABSOLUTE (.))
 *(.Onchip_Memory. Onchip_Memory.*)
                0x00084000                . = ALIGN (0x4)
                0x00084000                PROVIDE (_alt_partition_Onchip_Memory_end, ABSOLUTE (.))
                0x0100b6b8                PROVIDE (_alt_partition_Onchip_Memory_load_addr, LOADADDR (.Onchip_Memory))

.sdram_0        0x0100b6b8        0x0
                0x0100b6b8                PROVIDE (_alt_partition_sdram_0_start, ABSOLUTE (.))
 *(.sdram_0. sdram_0.*)
                0x0100b6b8                . = ALIGN (0x4)
                0x0100b6b8                PROVIDE (_alt_partition_sdram_0_end, ABSOLUTE (.))
                0x0100b6b8                _end = ABSOLUTE (.)
                0x0100b6b8                end = ABSOLUTE (.)
                0x0100b6b8                __alt_stack_base = ABSOLUTE (.)
                0x0100b6b8                PROVIDE (_alt_partition_sdram_0_load_addr, LOADADDR (.sdram_0))

.stab
 *(.stab)

.stabstr
 *(.stabstr)

.stab.excl
 *(.stab.excl)

.stab.exclstr
 *(.stab.exclstr)

.stab.index
 *(.stab.index)

.stab.indexstr
 *(.stab.indexstr)

.comment        0x00000000       0x26
 *(.comment)
 .comment       0x00000000       0x26 obj/default/hello_world.o
                                 0x27 (size before relaxing)
 .comment       0x00000000       0x27 c:/altera/13.0sp1/nios2eds/bin/gnu/h-i686-mingw32/bin/../lib/gcc/nios2-elf/4.1.2/../../../../nios2-elf/lib/mno-hw-mul\libc.a(lib_a-fclose.o)
 .comment       0x00000000       0x27 c:/altera/13.0sp1/nios2eds/bin/gnu/h-i686-mingw32/bin/../lib/gcc/nios2-elf/4.1.2/../../../../nios2-elf/lib/mno-hw-mul\libc.a(lib_a-fflush.o)
 .comment       0x00000000       0x27 c:/altera/13.0sp1/nios2eds/bin/gnu/h-i686-mingw32/bin/../lib/gcc/nios2-elf/4.1.2/../../../../nios2-elf/lib/mno-hw-mul\libc.a(lib_a-findfp.o)
 .comment       0x00000000       0x27 c:/altera/13.0sp1/nios2eds/bin/gnu/h-i686-mingw32/bin/../lib/gcc/nios2-elf/4.1.2/../../../../nios2-elf/lib/mno-hw-mul\libc.a(lib_a-fopen.o)
 .comment       0x00000000       0x27 c:/altera/13.0sp1/nios2eds/bin/gnu/h-i686-mingw32/bin/../lib/gcc/nios2-elf/4.1.2/../../../../nios2-elf/lib/mno-hw-mul\libc.a(lib_a-fputs.o)
 .comment       0x00000000       0x27 c:/altera/13.0sp1/nios2eds/bin/gnu/h-i686-mingw32/bin/../lib/gcc/nios2-elf/4.1.2/../../../../nios2-elf/lib/mno-hw-mul\libc.a(lib_a-freer.o)
 .comment       0x00000000       0x27 c:/altera/13.0sp1/nios2eds/bin/gnu/h-i686-mingw32/bin/../lib/gcc/nios2-elf/4.1.2/../../../../nios2-elf/lib/mno-hw-mul\libc.a(lib_a-fseek.o)
 .comment       0x00000000       0x27 c:/altera/13.0sp1/nios2eds/bin/gnu/h-i686-mingw32/bin/../lib/gcc/nios2-elf/4.1.2/../../../../nios2-elf/lib/mno-hw-mul\libc.a(lib_a-fstatr.o)
 .comment       0x00000000       0x27 c:/altera/13.0sp1/nios2eds/bin/gnu/h-i686-mingw32/bin/../lib/gcc/nios2-elf/4.1.2/../../../../nios2-elf/lib/mno-hw-mul\libc.a(lib_a-fvwrite.o)
 .comment       0x00000000       0x27 c:/altera/13.0sp1/nios2eds/bin/gnu/h-i686-mingw32/bin/../lib/gcc/nios2-elf/4.1.2/../../../../nios2-elf/lib/mno-hw-mul\libc.a(lib_a-fwalk.o)
 .comment       0x00000000       0x27 c:/altera/13.0sp1/nios2eds/bin/gnu/h-i686-mingw32/bin/../lib/gcc/nios2-elf/4.1.2/../../../../nios2-elf/lib/mno-hw-mul\libc.a(lib_a-fwrite.o)
 .comment       0x00000000       0x27 c:/altera/13.0sp1/nios2eds/bin/gnu/h-i686-mingw32/bin/../lib/gcc/nios2-elf/4.1.2/../../../../nios2-elf/lib/mno-hw-mul\libc.a(lib_a-impure.o)
 .comment       0x00000000       0x27 c:/altera/13.0sp1/nios2eds/bin/gnu/h-i686-mingw32/bin/../lib/gcc/nios2-elf/4.1.2/../../../../nios2-elf/lib/mno-hw-mul\libc.a(lib_a-int_errno.o)
 .comment       0x00000000       0x27 c:/altera/13.0sp1/nios2eds/bin/gnu/h-i686-mingw32/bin/../lib/gcc/nios2-elf/4.1.2/../../../../nios2-elf/lib/mno-hw-mul\libc.a(lib_a-makebuf.o)
 .comment       0x00000000       0x27 c:/altera/13.0sp1/nios2eds/bin/gnu/h-i686-mingw32/bin/../lib/gcc/nios2-elf/4.1.2/../../../../nios2-elf/lib/mno-hw-mul\libc.a(lib_a-malloc.o)
 .comment       0x00000000       0x27 c:/altera/13.0sp1/nios2eds/bin/gnu/h-i686-mingw32/bin/../lib/gcc/nios2-elf/4.1.2/../../../../nios2-elf/lib/mno-hw-mul\libc.a(lib_a-mallocr.o)
 .comment       0x00000000       0x27 c:/altera/13.0sp1/nios2eds/bin/gnu/h-i686-mingw32/bin/../lib/gcc/nios2-elf/4.1.2/../../../../nios2-elf/lib/mno-hw-mul\libc.a(lib_a-memchr.o)
 .comment       0x00000000       0x27 c:/altera/13.0sp1/nios2eds/bin/gnu/h-i686-mingw32/bin/../lib/gcc/nios2-elf/4.1.2/../../../../nios2-elf/lib/mno-hw-mul\libc.a(lib_a-memcpy.o)
 .comment       0x00000000       0x27 c:/altera/13.0sp1/nios2eds/bin/gnu/h-i686-mingw32/bin/../lib/gcc/nios2-elf/4.1.2/../../../../nios2-elf/lib/mno-hw-mul\libc.a(lib_a-memmove.o)
 .comment       0x00000000       0x27 c:/altera/13.0sp1/nios2eds/bin/gnu/h-i686-mingw32/bin/../lib/gcc/nios2-elf/4.1.2/../../../../nios2-elf/lib/mno-hw-mul\libc.a(lib_a-memset.o)
 .comment       0x00000000       0x27 c:/altera/13.0sp1/nios2eds/bin/gnu/h-i686-mingw32/bin/../lib/gcc/nios2-elf/4.1.2/../../../../nios2-elf/lib/mno-hw-mul\libc.a(lib_a-openr.o)
 .comment       0x00000000       0x27 c:/altera/13.0sp1/nios2eds/bin/gnu/h-i686-mingw32/bin/../lib/gcc/nios2-elf/4.1.2/../../../../nios2-elf/lib/mno-hw-mul\libc.a(lib_a-puts.o)
 .comment       0x00000000       0x27 c:/altera/13.0sp1/nios2eds/bin/gnu/h-i686-mingw32/bin/../lib/gcc/nios2-elf/4.1.2/../../../../nios2-elf/lib/mno-hw-mul\libc.a(lib_a-reallocr.o)
 .comment       0x00000000       0x27 c:/altera/13.0sp1/nios2eds/bin/gnu/h-i686-mingw32/bin/../lib/gcc/nios2-elf/4.1.2/../../../../nios2-elf/lib/mno-hw-mul\libc.a(lib_a-refill.o)
 .comment       0x00000000       0x27 c:/altera/13.0sp1/nios2eds/bin/gnu/h-i686-mingw32/bin/../lib/gcc/nios2-elf/4.1.2/../../../../nios2-elf/lib/mno-hw-mul\libc.a(lib_a-sbrkr.o)
 .comment       0x00000000       0x27 c:/altera/13.0sp1/nios2eds/bin/gnu/h-i686-mingw32/bin/../lib/gcc/nios2-elf/4.1.2/../../../../nios2-elf/lib/mno-hw-mul\libc.a(lib_a-stdio.o)
 .comment       0x00000000       0x27 c:/altera/13.0sp1/nios2eds/bin/gnu/h-i686-mingw32/bin/../lib/gcc/nios2-elf/4.1.2/../../../../nios2-elf/lib/mno-hw-mul\libc.a(lib_a-strcat.o)
 .comment       0x00000000       0x27 c:/altera/13.0sp1/nios2eds/bin/gnu/h-i686-mingw32/bin/../lib/gcc/nios2-elf/4.1.2/../../../../nios2-elf/lib/mno-hw-mul\libc.a(lib_a-strcpy.o)
 .comment       0x00000000       0x27 c:/altera/13.0sp1/nios2eds/bin/gnu/h-i686-mingw32/bin/../lib/gcc/nios2-elf/4.1.2/../../../../nios2-elf/lib/mno-hw-mul\libc.a(lib_a-strlen.o)
 .comment       0x00000000       0x27 c:/altera/13.0sp1/nios2eds/bin/gnu/h-i686-mingw32/bin/../lib/gcc/nios2-elf/4.1.2/../../../../nios2-elf/lib/mno-hw-mul\libc.a(lib_a-writer.o)
 .comment       0x00000000       0x27 c:/altera/13.0sp1/nios2eds/bin/gnu/h-i686-mingw32/bin/../lib/gcc/nios2-elf/4.1.2/../../../../nios2-elf/lib/mno-hw-mul\libc.a(lib_a-wsetup.o)
 .comment       0x00000000       0x27 c:/altera/13.0sp1/nios2eds/bin/gnu/h-i686-mingw32/bin/../lib/gcc/nios2-elf/4.1.2/../../../../nios2-elf/lib/mno-hw-mul\libc.a(lib_a-closer.o)
 .comment       0x00000000       0x27 c:/altera/13.0sp1/nios2eds/bin/gnu/h-i686-mingw32/bin/../lib/gcc/nios2-elf/4.1.2/../../../../nios2-elf/lib/mno-hw-mul\libc.a(lib_a-flags.o)
 .comment       0x00000000       0x27 c:/altera/13.0sp1/nios2eds/bin/gnu/h-i686-mingw32/bin/../lib/gcc/nios2-elf/4.1.2/../../../../nios2-elf/lib/mno-hw-mul\libc.a(lib_a-isattyr.o)
 .comment       0x00000000       0x27 c:/altera/13.0sp1/nios2eds/bin/gnu/h-i686-mingw32/bin/../lib/gcc/nios2-elf/4.1.2/../../../../nios2-elf/lib/mno-hw-mul\libc.a(lib_a-lseekr.o)
 .comment       0x00000000       0x27 c:/altera/13.0sp1/nios2eds/bin/gnu/h-i686-mingw32/bin/../lib/gcc/nios2-elf/4.1.2/../../../../nios2-elf/lib/mno-hw-mul\libc.a(lib_a-readr.o)
 .comment       0x00000000       0x27 c:/altera/13.0sp1/nios2eds/bin/gnu/h-i686-mingw32/bin/../lib/gcc/nios2-elf/4.1.2/mno-hw-mul\libgcc.a(lib2-divmod.o)
 .comment       0x00000000       0x27 c:/altera/13.0sp1/nios2eds/bin/gnu/h-i686-mingw32/bin/../lib/gcc/nios2-elf/4.1.2/mno-hw-mul\libgcc.a(lib2-mul.o)
 .comment       0x00000000       0x27 ../lcd_pixel_scan_bsp/\libhal_bsp.a(alt_close.o)
 .comment       0x00000000       0x27 ../lcd_pixel_scan_bsp/\libhal_bsp.a(alt_dev.o)
 .comment       0x00000000       0x27 ../lcd_pixel_scan_bsp/\libhal_bsp.a(alt_errno.o)
 .comment       0x00000000       0x27 ../lcd_pixel_scan_bsp/\libhal_bsp.a(alt_fstat.o)
 .comment       0x00000000       0x27 ../lcd_pixel_scan_bsp/\libhal_bsp.a(alt_isatty.o)
 .comment       0x00000000       0x27 ../lcd_pixel_scan_bsp/\libhal_bsp.a(alt_load.o)
 .comment       0x00000000       0x27 ../lcd_pixel_scan_bsp/\libhal_bsp.a(alt_lseek.o)
 .comment       0x00000000       0x27 ../lcd_pixel_scan_bsp/\libhal_bsp.a(alt_main.o)
 .comment       0x00000000       0x27 ../lcd_pixel_scan_bsp/\libhal_bsp.a(alt_malloc_lock.o)
 .comment       0x00000000       0x27 ../lcd_pixel_scan_bsp/\libhal_bsp.a(alt_open.o)
 .comment       0x00000000       0x27 ../lcd_pixel_scan_bsp/\libhal_bsp.a(alt_read.o)
 .comment       0x00000000       0x27 ../lcd_pixel_scan_bsp/\libhal_bsp.a(alt_release_fd.o)
 .comment       0x00000000       0x27 ../lcd_pixel_scan_bsp/\libhal_bsp.a(alt_sbrk.o)
 .comment       0x00000000       0x27 ../lcd_pixel_scan_bsp/\libhal_bsp.a(alt_write.o)
 .comment       0x00000000       0x27 ../lcd_pixel_scan_bsp/\libhal_bsp.a(alt_sys_init.o)
 .comment       0x00000000       0x27 ../lcd_pixel_scan_bsp/\libhal_bsp.a(altera_avalon_jtag_uart_fd.o)
 .comment       0x00000000       0x27 ../lcd_pixel_scan_bsp/\libhal_bsp.a(altera_avalon_jtag_uart_init.o)
 .comment       0x00000000       0x27 ../lcd_pixel_scan_bsp/\libhal_bsp.a(altera_avalon_jtag_uart_ioctl.o)
 .comment       0x00000000       0x27 ../lcd_pixel_scan_bsp/\libhal_bsp.a(altera_avalon_jtag_uart_read.o)
 .comment       0x00000000       0x27 ../lcd_pixel_scan_bsp/\libhal_bsp.a(altera_avalon_jtag_uart_write.o)
 .comment       0x00000000       0x27 ../lcd_pixel_scan_bsp/\libhal_bsp.a(altera_avalon_lcd_16207.o)
 .comment       0x00000000       0x27 ../lcd_pixel_scan_bsp/\libhal_bsp.a(altera_avalon_lcd_16207_fd.o)
 .comment       0x00000000       0x27 ../lcd_pixel_scan_bsp/\libhal_bsp.a(altera_avalon_timer_sc.o)
 .comment       0x00000000       0x27 ../lcd_pixel_scan_bsp/\libhal_bsp.a(alt_alarm_start.o)
 .comment       0x00000000       0x27 ../lcd_pixel_scan_bsp/\libhal_bsp.a(alt_dcache_flush_all.o)
 .comment       0x00000000       0x27 ../lcd_pixel_scan_bsp/\libhal_bsp.a(alt_dev_llist_insert.o)
 .comment       0x00000000       0x27 ../lcd_pixel_scan_bsp/\libhal_bsp.a(alt_do_ctors.o)
 .comment       0x00000000       0x27 ../lcd_pixel_scan_bsp/\libhal_bsp.a(alt_do_dtors.o)
 .comment       0x00000000       0x27 ../lcd_pixel_scan_bsp/\libhal_bsp.a(alt_find_dev.o)
 .comment       0x00000000       0x27 ../lcd_pixel_scan_bsp/\libhal_bsp.a(alt_find_file.o)
 .comment       0x00000000       0x27 ../lcd_pixel_scan_bsp/\libhal_bsp.a(alt_get_fd.o)
 .comment       0x00000000       0x27 ../lcd_pixel_scan_bsp/\libhal_bsp.a(alt_icache_flush_all.o)
 .comment       0x00000000       0x27 ../lcd_pixel_scan_bsp/\libhal_bsp.a(alt_iic.o)
 .comment       0x00000000       0x27 ../lcd_pixel_scan_bsp/\libhal_bsp.a(alt_iic_isr_register.o)
 .comment       0x00000000       0x27 ../lcd_pixel_scan_bsp/\libhal_bsp.a(alt_io_redirect.o)
 .comment       0x00000000       0x27 ../lcd_pixel_scan_bsp/\libhal_bsp.a(alt_irq_handler.o)
 .comment       0x00000000       0x27 ../lcd_pixel_scan_bsp/\libhal_bsp.a(alt_irq_vars.o)
 .comment       0x00000000       0x27 ../lcd_pixel_scan_bsp/\libhal_bsp.a(alt_tick.o)
 .comment       0x00000000       0x27 ../lcd_pixel_scan_bsp/\libhal_bsp.a(alt_usleep.o)
 .comment       0x00000000       0x27 ../lcd_pixel_scan_bsp/\libhal_bsp.a(altera_nios2_qsys_irq.o)
 .comment       0x00000000       0x27 ../lcd_pixel_scan_bsp/\libhal_bsp.a(alt_busy_sleep.o)
 .comment       0x00000000       0x27 c:/altera/13.0sp1/nios2eds/bin/gnu/h-i686-mingw32/bin/../lib/gcc/nios2-elf/4.1.2/../../../../nios2-elf/lib/mno-hw-mul\libc.a(lib_a-atexit.o)
 .comment       0x00000000       0x27 c:/altera/13.0sp1/nios2eds/bin/gnu/h-i686-mingw32/bin/../lib/gcc/nios2-elf/4.1.2/../../../../nios2-elf/lib/mno-hw-mul\libc.a(lib_a-ctype_.o)
 .comment       0x00000000       0x27 c:/altera/13.0sp1/nios2eds/bin/gnu/h-i686-mingw32/bin/../lib/gcc/nios2-elf/4.1.2/../../../../nios2-elf/lib/mno-hw-mul\libc.a(lib_a-exit.o)
 .comment       0x00000000       0x27 c:/altera/13.0sp1/nios2eds/bin/gnu/h-i686-mingw32/bin/../lib/gcc/nios2-elf/4.1.2/../../../../nios2-elf/lib/mno-hw-mul\libc.a(lib_a-memcmp.o)
 .comment       0x00000000       0x27 c:/altera/13.0sp1/nios2eds/bin/gnu/h-i686-mingw32/bin/../lib/gcc/nios2-elf/4.1.2/../../../../nios2-elf/lib/mno-hw-mul\libc.a(lib_a-__atexit.o)
 .comment       0x00000000       0x27 c:/altera/13.0sp1/nios2eds/bin/gnu/h-i686-mingw32/bin/../lib/gcc/nios2-elf/4.1.2/../../../../nios2-elf/lib/mno-hw-mul\libc.a(lib_a-__call_atexit.o)
 .comment       0x00000000       0x27 ../lcd_pixel_scan_bsp/\libhal_bsp.a(alt_exit.o)

.debug
 *(.debug)

.line
 *(.line)

.debug_srcinfo
 *(.debug_srcinfo)

.debug_sfnames
 *(.debug_sfnames)

.debug_aranges  0x00000000      0xad8
 *(.debug_aranges)
 .debug_aranges
                0x00000000       0x28 ../lcd_pixel_scan_bsp//obj/HAL/src/crt0.o
 .debug_aranges
                0x00000028       0x20 obj/default/hello_world.o
 .debug_aranges
                0x00000048       0x20 c:/altera/13.0sp1/nios2eds/bin/gnu/h-i686-mingw32/bin/../lib/gcc/nios2-elf/4.1.2/../../../../nios2-elf/lib/mno-hw-mul\libc.a(lib_a-fclose.o)
 .debug_aranges
                0x00000068       0x20 c:/altera/13.0sp1/nios2eds/bin/gnu/h-i686-mingw32/bin/../lib/gcc/nios2-elf/4.1.2/../../../../nios2-elf/lib/mno-hw-mul\libc.a(lib_a-fflush.o)
 .debug_aranges
                0x00000088       0x20 c:/altera/13.0sp1/nios2eds/bin/gnu/h-i686-mingw32/bin/../lib/gcc/nios2-elf/4.1.2/../../../../nios2-elf/lib/mno-hw-mul\libc.a(lib_a-findfp.o)
 .debug_aranges
                0x000000a8       0x20 c:/altera/13.0sp1/nios2eds/bin/gnu/h-i686-mingw32/bin/../lib/gcc/nios2-elf/4.1.2/../../../../nios2-elf/lib/mno-hw-mul\libc.a(lib_a-fopen.o)
 .debug_aranges
                0x000000c8       0x20 c:/altera/13.0sp1/nios2eds/bin/gnu/h-i686-mingw32/bin/../lib/gcc/nios2-elf/4.1.2/../../../../nios2-elf/lib/mno-hw-mul\libc.a(lib_a-fputs.o)
 .debug_aranges
                0x000000e8       0x20 c:/altera/13.0sp1/nios2eds/bin/gnu/h-i686-mingw32/bin/../lib/gcc/nios2-elf/4.1.2/../../../../nios2-elf/lib/mno-hw-mul\libc.a(lib_a-freer.o)
 .debug_aranges
                0x00000108       0x20 c:/altera/13.0sp1/nios2eds/bin/gnu/h-i686-mingw32/bin/../lib/gcc/nios2-elf/4.1.2/../../../../nios2-elf/lib/mno-hw-mul\libc.a(lib_a-fseek.o)
 .debug_aranges
                0x00000128       0x20 c:/altera/13.0sp1/nios2eds/bin/gnu/h-i686-mingw32/bin/../lib/gcc/nios2-elf/4.1.2/../../../../nios2-elf/lib/mno-hw-mul\libc.a(lib_a-fstatr.o)
 .debug_aranges
                0x00000148       0x20 c:/altera/13.0sp1/nios2eds/bin/gnu/h-i686-mingw32/bin/../lib/gcc/nios2-elf/4.1.2/../../../../nios2-elf/lib/mno-hw-mul\libc.a(lib_a-fvwrite.o)
 .debug_aranges
                0x00000168       0x20 c:/altera/13.0sp1/nios2eds/bin/gnu/h-i686-mingw32/bin/../lib/gcc/nios2-elf/4.1.2/../../../../nios2-elf/lib/mno-hw-mul\libc.a(lib_a-fwalk.o)
 .debug_aranges
                0x00000188       0x20 c:/altera/13.0sp1/nios2eds/bin/gnu/h-i686-mingw32/bin/../lib/gcc/nios2-elf/4.1.2/../../../../nios2-elf/lib/mno-hw-mul\libc.a(lib_a-fwrite.o)
 .debug_aranges
                0x000001a8       0x20 c:/altera/13.0sp1/nios2eds/bin/gnu/h-i686-mingw32/bin/../lib/gcc/nios2-elf/4.1.2/../../../../nios2-elf/lib/mno-hw-mul\libc.a(lib_a-makebuf.o)
 .debug_aranges
                0x000001c8       0x20 c:/altera/13.0sp1/nios2eds/bin/gnu/h-i686-mingw32/bin/../lib/gcc/nios2-elf/4.1.2/../../../../nios2-elf/lib/mno-hw-mul\libc.a(lib_a-malloc.o)
 .debug_aranges
                0x000001e8       0x20 c:/altera/13.0sp1/nios2eds/bin/gnu/h-i686-mingw32/bin/../lib/gcc/nios2-elf/4.1.2/../../../../nios2-elf/lib/mno-hw-mul\libc.a(lib_a-mallocr.o)
 .debug_aranges
                0x00000208       0x20 c:/altera/13.0sp1/nios2eds/bin/gnu/h-i686-mingw32/bin/../lib/gcc/nios2-elf/4.1.2/../../../../nios2-elf/lib/mno-hw-mul\libc.a(lib_a-memchr.o)
 .debug_aranges
                0x00000228       0x20 c:/altera/13.0sp1/nios2eds/bin/gnu/h-i686-mingw32/bin/../lib/gcc/nios2-elf/4.1.2/../../../../nios2-elf/lib/mno-hw-mul\libc.a(lib_a-memcpy.o)
 .debug_aranges
                0x00000248       0x20 c:/altera/13.0sp1/nios2eds/bin/gnu/h-i686-mingw32/bin/../lib/gcc/nios2-elf/4.1.2/../../../../nios2-elf/lib/mno-hw-mul\libc.a(lib_a-memmove.o)
 .debug_aranges
                0x00000268       0x20 c:/altera/13.0sp1/nios2eds/bin/gnu/h-i686-mingw32/bin/../lib/gcc/nios2-elf/4.1.2/../../../../nios2-elf/lib/mno-hw-mul\libc.a(lib_a-memset.o)
 .debug_aranges
                0x00000288       0x20 c:/altera/13.0sp1/nios2eds/bin/gnu/h-i686-mingw32/bin/../lib/gcc/nios2-elf/4.1.2/../../../../nios2-elf/lib/mno-hw-mul\libc.a(lib_a-openr.o)
 .debug_aranges
                0x000002a8       0x20 c:/altera/13.0sp1/nios2eds/bin/gnu/h-i686-mingw32/bin/../lib/gcc/nios2-elf/4.1.2/../../../../nios2-elf/lib/mno-hw-mul\libc.a(lib_a-puts.o)
 .debug_aranges
                0x000002c8       0x20 c:/altera/13.0sp1/nios2eds/bin/gnu/h-i686-mingw32/bin/../lib/gcc/nios2-elf/4.1.2/../../../../nios2-elf/lib/mno-hw-mul\libc.a(lib_a-reallocr.o)
 .debug_aranges
                0x000002e8       0x20 c:/altera/13.0sp1/nios2eds/bin/gnu/h-i686-mingw32/bin/../lib/gcc/nios2-elf/4.1.2/../../../../nios2-elf/lib/mno-hw-mul\libc.a(lib_a-refill.o)
 .debug_aranges
                0x00000308       0x20 c:/altera/13.0sp1/nios2eds/bin/gnu/h-i686-mingw32/bin/../lib/gcc/nios2-elf/4.1.2/../../../../nios2-elf/lib/mno-hw-mul\libc.a(lib_a-sbrkr.o)
 .debug_aranges
                0x00000328       0x20 c:/altera/13.0sp1/nios2eds/bin/gnu/h-i686-mingw32/bin/../lib/gcc/nios2-elf/4.1.2/../../../../nios2-elf/lib/mno-hw-mul\libc.a(lib_a-stdio.o)
 .debug_aranges
                0x00000348       0x20 c:/altera/13.0sp1/nios2eds/bin/gnu/h-i686-mingw32/bin/../lib/gcc/nios2-elf/4.1.2/../../../../nios2-elf/lib/mno-hw-mul\libc.a(lib_a-strcat.o)
 .debug_aranges
                0x00000368       0x20 c:/altera/13.0sp1/nios2eds/bin/gnu/h-i686-mingw32/bin/../lib/gcc/nios2-elf/4.1.2/../../../../nios2-elf/lib/mno-hw-mul\libc.a(lib_a-strcpy.o)
 .debug_aranges
                0x00000388       0x20 c:/altera/13.0sp1/nios2eds/bin/gnu/h-i686-mingw32/bin/../lib/gcc/nios2-elf/4.1.2/../../../../nios2-elf/lib/mno-hw-mul\libc.a(lib_a-strlen.o)
 .debug_aranges
                0x000003a8       0x20 c:/altera/13.0sp1/nios2eds/bin/gnu/h-i686-mingw32/bin/../lib/gcc/nios2-elf/4.1.2/../../../../nios2-elf/lib/mno-hw-mul\libc.a(lib_a-writer.o)
 .debug_aranges
                0x000003c8       0x20 c:/altera/13.0sp1/nios2eds/bin/gnu/h-i686-mingw32/bin/../lib/gcc/nios2-elf/4.1.2/../../../../nios2-elf/lib/mno-hw-mul\libc.a(lib_a-wsetup.o)
 .debug_aranges
                0x000003e8       0x20 c:/altera/13.0sp1/nios2eds/bin/gnu/h-i686-mingw32/bin/../lib/gcc/nios2-elf/4.1.2/../../../../nios2-elf/lib/mno-hw-mul\libc.a(lib_a-closer.o)
 .debug_aranges
                0x00000408       0x20 c:/altera/13.0sp1/nios2eds/bin/gnu/h-i686-mingw32/bin/../lib/gcc/nios2-elf/4.1.2/../../../../nios2-elf/lib/mno-hw-mul\libc.a(lib_a-flags.o)
 .debug_aranges
                0x00000428       0x20 c:/altera/13.0sp1/nios2eds/bin/gnu/h-i686-mingw32/bin/../lib/gcc/nios2-elf/4.1.2/../../../../nios2-elf/lib/mno-hw-mul\libc.a(lib_a-isattyr.o)
 .debug_aranges
                0x00000448       0x20 c:/altera/13.0sp1/nios2eds/bin/gnu/h-i686-mingw32/bin/../lib/gcc/nios2-elf/4.1.2/../../../../nios2-elf/lib/mno-hw-mul\libc.a(lib_a-lseekr.o)
 .debug_aranges
                0x00000468       0x20 c:/altera/13.0sp1/nios2eds/bin/gnu/h-i686-mingw32/bin/../lib/gcc/nios2-elf/4.1.2/../../../../nios2-elf/lib/mno-hw-mul\libc.a(lib_a-readr.o)
 .debug_aranges
                0x00000488       0x20 c:/altera/13.0sp1/nios2eds/bin/gnu/h-i686-mingw32/bin/../lib/gcc/nios2-elf/4.1.2/mno-hw-mul\libgcc.a(lib2-divmod.o)
 .debug_aranges
                0x000004a8       0x20 c:/altera/13.0sp1/nios2eds/bin/gnu/h-i686-mingw32/bin/../lib/gcc/nios2-elf/4.1.2/mno-hw-mul\libgcc.a(lib2-mul.o)
 .debug_aranges
                0x000004c8       0x20 ../lcd_pixel_scan_bsp/\libhal_bsp.a(alt_close.o)
 .debug_aranges
                0x000004e8       0x20 ../lcd_pixel_scan_bsp/\libhal_bsp.a(alt_dev.o)
 .debug_aranges
                0x00000508       0x20 ../lcd_pixel_scan_bsp/\libhal_bsp.a(alt_fstat.o)
 .debug_aranges
                0x00000528       0x20 ../lcd_pixel_scan_bsp/\libhal_bsp.a(alt_isatty.o)
 .debug_aranges
                0x00000548       0x20 ../lcd_pixel_scan_bsp/\libhal_bsp.a(alt_load.o)
 .debug_aranges
                0x00000568       0x20 ../lcd_pixel_scan_bsp/\libhal_bsp.a(alt_lseek.o)
 .debug_aranges
                0x00000588       0x20 ../lcd_pixel_scan_bsp/\libhal_bsp.a(alt_main.o)
 .debug_aranges
                0x000005a8       0x20 ../lcd_pixel_scan_bsp/\libhal_bsp.a(alt_malloc_lock.o)
 .debug_aranges
                0x000005c8       0x20 ../lcd_pixel_scan_bsp/\libhal_bsp.a(alt_open.o)
 .debug_aranges
                0x000005e8       0x20 ../lcd_pixel_scan_bsp/\libhal_bsp.a(alt_read.o)
 .debug_aranges
                0x00000608       0x20 ../lcd_pixel_scan_bsp/\libhal_bsp.a(alt_release_fd.o)
 .debug_aranges
                0x00000628       0x20 ../lcd_pixel_scan_bsp/\libhal_bsp.a(alt_sbrk.o)
 .debug_aranges
                0x00000648       0x20 ../lcd_pixel_scan_bsp/\libhal_bsp.a(alt_write.o)
 .debug_aranges
                0x00000668       0x20 ../lcd_pixel_scan_bsp/\libhal_bsp.a(alt_sys_init.o)
 .debug_aranges
                0x00000688       0x20 ../lcd_pixel_scan_bsp/\libhal_bsp.a(altera_avalon_jtag_uart_fd.o)
 .debug_aranges
                0x000006a8       0x20 ../lcd_pixel_scan_bsp/\libhal_bsp.a(altera_avalon_jtag_uart_init.o)
 .debug_aranges
                0x000006c8       0x20 ../lcd_pixel_scan_bsp/\libhal_bsp.a(altera_avalon_jtag_uart_ioctl.o)
 .debug_aranges
                0x000006e8       0x20 ../lcd_pixel_scan_bsp/\libhal_bsp.a(altera_avalon_jtag_uart_read.o)
 .debug_aranges
                0x00000708       0x20 ../lcd_pixel_scan_bsp/\libhal_bsp.a(altera_avalon_jtag_uart_write.o)
 .debug_aranges
                0x00000728       0x20 ../lcd_pixel_scan_bsp/\libhal_bsp.a(altera_avalon_lcd_16207.o)
 .debug_aranges
                0x00000748       0x20 ../lcd_pixel_scan_bsp/\libhal_bsp.a(altera_avalon_lcd_16207_fd.o)
 .debug_aranges
                0x00000768       0x20 ../lcd_pixel_scan_bsp/\libhal_bsp.a(altera_avalon_timer_sc.o)
 .debug_aranges
                0x00000788       0x20 ../lcd_pixel_scan_bsp/\libhal_bsp.a(alt_alarm_start.o)
 .debug_aranges
                0x000007a8       0x20 ../lcd_pixel_scan_bsp/\libhal_bsp.a(alt_dcache_flush_all.o)
 .debug_aranges
                0x000007c8       0x20 ../lcd_pixel_scan_bsp/\libhal_bsp.a(alt_dev_llist_insert.o)
 .debug_aranges
                0x000007e8       0x20 ../lcd_pixel_scan_bsp/\libhal_bsp.a(alt_do_ctors.o)
 .debug_aranges
                0x00000808       0x20 ../lcd_pixel_scan_bsp/\libhal_bsp.a(alt_do_dtors.o)
 .debug_aranges
                0x00000828       0x20 ../lcd_pixel_scan_bsp/\libhal_bsp.a(alt_find_dev.o)
 .debug_aranges
                0x00000848       0x20 ../lcd_pixel_scan_bsp/\libhal_bsp.a(alt_find_file.o)
 .debug_aranges
                0x00000868       0x20 ../lcd_pixel_scan_bsp/\libhal_bsp.a(alt_get_fd.o)
 .debug_aranges
                0x00000888       0x20 ../lcd_pixel_scan_bsp/\libhal_bsp.a(alt_icache_flush_all.o)
 .debug_aranges
                0x000008a8       0x20 ../lcd_pixel_scan_bsp/\libhal_bsp.a(alt_iic.o)
 .debug_aranges
                0x000008c8       0x20 ../lcd_pixel_scan_bsp/\libhal_bsp.a(alt_iic_isr_register.o)
 .debug_aranges
                0x000008e8       0x20 ../lcd_pixel_scan_bsp/\libhal_bsp.a(alt_io_redirect.o)
 .debug_aranges
                0x00000908       0x30 ../lcd_pixel_scan_bsp/\libhal_bsp.a(alt_irq_entry.o)
 .debug_aranges
                0x00000938       0x28 ../lcd_pixel_scan_bsp/\libhal_bsp.a(alt_irq_handler.o)
 .debug_aranges
                0x00000960       0x20 ../lcd_pixel_scan_bsp/\libhal_bsp.a(alt_tick.o)
 .debug_aranges
                0x00000980       0x20 ../lcd_pixel_scan_bsp/\libhal_bsp.a(alt_usleep.o)
 .debug_aranges
                0x000009a0       0x20 ../lcd_pixel_scan_bsp/\libhal_bsp.a(altera_nios2_qsys_irq.o)
 .debug_aranges
                0x000009c0       0x20 ../lcd_pixel_scan_bsp/\libhal_bsp.a(alt_busy_sleep.o)
 .debug_aranges
                0x000009e0       0x38 ../lcd_pixel_scan_bsp/\libhal_bsp.a(alt_exception_entry.o)
 .debug_aranges
                0x00000a18       0x20 c:/altera/13.0sp1/nios2eds/bin/gnu/h-i686-mingw32/bin/../lib/gcc/nios2-elf/4.1.2/../../../../nios2-elf/lib/mno-hw-mul\libc.a(lib_a-atexit.o)
 .debug_aranges
                0x00000a38       0x20 c:/altera/13.0sp1/nios2eds/bin/gnu/h-i686-mingw32/bin/../lib/gcc/nios2-elf/4.1.2/../../../../nios2-elf/lib/mno-hw-mul\libc.a(lib_a-exit.o)
 .debug_aranges
                0x00000a58       0x20 c:/altera/13.0sp1/nios2eds/bin/gnu/h-i686-mingw32/bin/../lib/gcc/nios2-elf/4.1.2/../../../../nios2-elf/lib/mno-hw-mul\libc.a(lib_a-memcmp.o)
 .debug_aranges
                0x00000a78       0x20 c:/altera/13.0sp1/nios2eds/bin/gnu/h-i686-mingw32/bin/../lib/gcc/nios2-elf/4.1.2/../../../../nios2-elf/lib/mno-hw-mul\libc.a(lib_a-__atexit.o)
 .debug_aranges
                0x00000a98       0x20 c:/altera/13.0sp1/nios2eds/bin/gnu/h-i686-mingw32/bin/../lib/gcc/nios2-elf/4.1.2/../../../../nios2-elf/lib/mno-hw-mul\libc.a(lib_a-__call_atexit.o)
 .debug_aranges
                0x00000ab8       0x20 ../lcd_pixel_scan_bsp/\libhal_bsp.a(alt_exit.o)

.debug_pubnames
                0x00000000     0x1011
 *(.debug_pubnames)
 .debug_pubnames
                0x00000000       0x3a obj/default/hello_world.o
 .debug_pubnames
                0x0000003a       0x2b c:/altera/13.0sp1/nios2eds/bin/gnu/h-i686-mingw32/bin/../lib/gcc/nios2-elf/4.1.2/../../../../nios2-elf/lib/mno-hw-mul\libc.a(lib_a-fclose.o)
 .debug_pubnames
                0x00000065       0x2b c:/altera/13.0sp1/nios2eds/bin/gnu/h-i686-mingw32/bin/../lib/gcc/nios2-elf/4.1.2/../../../../nios2-elf/lib/mno-hw-mul\libc.a(lib_a-fflush.o)
 .debug_pubnames
                0x00000090       0xdb c:/altera/13.0sp1/nios2eds/bin/gnu/h-i686-mingw32/bin/../lib/gcc/nios2-elf/4.1.2/../../../../nios2-elf/lib/mno-hw-mul\libc.a(lib_a-findfp.o)
 .debug_pubnames
                0x0000016b       0x29 c:/altera/13.0sp1/nios2eds/bin/gnu/h-i686-mingw32/bin/../lib/gcc/nios2-elf/4.1.2/../../../../nios2-elf/lib/mno-hw-mul\libc.a(lib_a-fopen.o)
 .debug_pubnames
                0x00000194       0x29 c:/altera/13.0sp1/nios2eds/bin/gnu/h-i686-mingw32/bin/../lib/gcc/nios2-elf/4.1.2/../../../../nios2-elf/lib/mno-hw-mul\libc.a(lib_a-fputs.o)
 .debug_pubnames
                0x000001bd       0x31 c:/altera/13.0sp1/nios2eds/bin/gnu/h-i686-mingw32/bin/../lib/gcc/nios2-elf/4.1.2/../../../../nios2-elf/lib/mno-hw-mul\libc.a(lib_a-freer.o)
 .debug_pubnames
                0x000001ee       0x29 c:/altera/13.0sp1/nios2eds/bin/gnu/h-i686-mingw32/bin/../lib/gcc/nios2-elf/4.1.2/../../../../nios2-elf/lib/mno-hw-mul\libc.a(lib_a-fseek.o)
 .debug_pubnames
                0x00000217       0x1f c:/altera/13.0sp1/nios2eds/bin/gnu/h-i686-mingw32/bin/../lib/gcc/nios2-elf/4.1.2/../../../../nios2-elf/lib/mno-hw-mul\libc.a(lib_a-fstatr.o)
 .debug_pubnames
                0x00000236       0x23 c:/altera/13.0sp1/nios2eds/bin/gnu/h-i686-mingw32/bin/../lib/gcc/nios2-elf/4.1.2/../../../../nios2-elf/lib/mno-hw-mul\libc.a(lib_a-fvwrite.o)
 .debug_pubnames
                0x00000259       0x2e c:/altera/13.0sp1/nios2eds/bin/gnu/h-i686-mingw32/bin/../lib/gcc/nios2-elf/4.1.2/../../../../nios2-elf/lib/mno-hw-mul\libc.a(lib_a-fwalk.o)
 .debug_pubnames
                0x00000287       0x2b c:/altera/13.0sp1/nios2eds/bin/gnu/h-i686-mingw32/bin/../lib/gcc/nios2-elf/4.1.2/../../../../nios2-elf/lib/mno-hw-mul\libc.a(lib_a-fwrite.o)
 .debug_pubnames
                0x000002b2       0x39 c:/altera/13.0sp1/nios2eds/bin/gnu/h-i686-mingw32/bin/../lib/gcc/nios2-elf/4.1.2/../../../../nios2-elf/lib/mno-hw-mul\libc.a(lib_a-impure.o)
 .debug_pubnames
                0x000002eb       0x1c c:/altera/13.0sp1/nios2eds/bin/gnu/h-i686-mingw32/bin/../lib/gcc/nios2-elf/4.1.2/../../../../nios2-elf/lib/mno-hw-mul\libc.a(lib_a-int_errno.o)
 .debug_pubnames
                0x00000307       0x23 c:/altera/13.0sp1/nios2eds/bin/gnu/h-i686-mingw32/bin/../lib/gcc/nios2-elf/4.1.2/../../../../nios2-elf/lib/mno-hw-mul\libc.a(lib_a-makebuf.o)
 .debug_pubnames
                0x0000032a       0x26 c:/altera/13.0sp1/nios2eds/bin/gnu/h-i686-mingw32/bin/../lib/gcc/nios2-elf/4.1.2/../../../../nios2-elf/lib/mno-hw-mul\libc.a(lib_a-malloc.o)
 .debug_pubnames
                0x00000350       0xce c:/altera/13.0sp1/nios2eds/bin/gnu/h-i686-mingw32/bin/../lib/gcc/nios2-elf/4.1.2/../../../../nios2-elf/lib/mno-hw-mul\libc.a(lib_a-mallocr.o)
 .debug_pubnames
                0x0000041e       0x1d c:/altera/13.0sp1/nios2eds/bin/gnu/h-i686-mingw32/bin/../lib/gcc/nios2-elf/4.1.2/../../../../nios2-elf/lib/mno-hw-mul\libc.a(lib_a-memchr.o)
 .debug_pubnames
                0x0000043b       0x1d c:/altera/13.0sp1/nios2eds/bin/gnu/h-i686-mingw32/bin/../lib/gcc/nios2-elf/4.1.2/../../../../nios2-elf/lib/mno-hw-mul\libc.a(lib_a-memcpy.o)
 .debug_pubnames
                0x00000458       0x1e c:/altera/13.0sp1/nios2eds/bin/gnu/h-i686-mingw32/bin/../lib/gcc/nios2-elf/4.1.2/../../../../nios2-elf/lib/mno-hw-mul\libc.a(lib_a-memmove.o)
 .debug_pubnames
                0x00000476       0x1d c:/altera/13.0sp1/nios2eds/bin/gnu/h-i686-mingw32/bin/../lib/gcc/nios2-elf/4.1.2/../../../../nios2-elf/lib/mno-hw-mul\libc.a(lib_a-memset.o)
 .debug_pubnames
                0x00000493       0x1e c:/altera/13.0sp1/nios2eds/bin/gnu/h-i686-mingw32/bin/../lib/gcc/nios2-elf/4.1.2/../../../../nios2-elf/lib/mno-hw-mul\libc.a(lib_a-openr.o)
 .debug_pubnames
                0x000004b1       0x27 c:/altera/13.0sp1/nios2eds/bin/gnu/h-i686-mingw32/bin/../lib/gcc/nios2-elf/4.1.2/../../../../nios2-elf/lib/mno-hw-mul\libc.a(lib_a-puts.o)
 .debug_pubnames
                0x000004d8       0x21 c:/altera/13.0sp1/nios2eds/bin/gnu/h-i686-mingw32/bin/../lib/gcc/nios2-elf/4.1.2/../../../../nios2-elf/lib/mno-hw-mul\libc.a(lib_a-reallocr.o)
 .debug_pubnames
                0x000004f9       0x22 c:/altera/13.0sp1/nios2eds/bin/gnu/h-i686-mingw32/bin/../lib/gcc/nios2-elf/4.1.2/../../../../nios2-elf/lib/mno-hw-mul\libc.a(lib_a-refill.o)
 .debug_pubnames
                0x0000051b       0x1e c:/altera/13.0sp1/nios2eds/bin/gnu/h-i686-mingw32/bin/../lib/gcc/nios2-elf/4.1.2/../../../../nios2-elf/lib/mno-hw-mul\libc.a(lib_a-sbrkr.o)
 .debug_pubnames
                0x00000539       0x44 c:/altera/13.0sp1/nios2eds/bin/gnu/h-i686-mingw32/bin/../lib/gcc/nios2-elf/4.1.2/../../../../nios2-elf/lib/mno-hw-mul\libc.a(lib_a-stdio.o)
 .debug_pubnames
                0x0000057d       0x1d c:/altera/13.0sp1/nios2eds/bin/gnu/h-i686-mingw32/bin/../lib/gcc/nios2-elf/4.1.2/../../../../nios2-elf/lib/mno-hw-mul\libc.a(lib_a-strcat.o)
 .debug_pubnames
                0x0000059a       0x1d c:/altera/13.0sp1/nios2eds/bin/gnu/h-i686-mingw32/bin/../lib/gcc/nios2-elf/4.1.2/../../../../nios2-elf/lib/mno-hw-mul\libc.a(lib_a-strcpy.o)
 .debug_pubnames
                0x000005b7       0x1d c:/altera/13.0sp1/nios2eds/bin/gnu/h-i686-mingw32/bin/../lib/gcc/nios2-elf/4.1.2/../../../../nios2-elf/lib/mno-hw-mul\libc.a(lib_a-strlen.o)
 .debug_pubnames
                0x000005d4       0x1f c:/altera/13.0sp1/nios2eds/bin/gnu/h-i686-mingw32/bin/../lib/gcc/nios2-elf/4.1.2/../../../../nios2-elf/lib/mno-hw-mul\libc.a(lib_a-writer.o)
 .debug_pubnames
                0x000005f3       0x22 c:/altera/13.0sp1/nios2eds/bin/gnu/h-i686-mingw32/bin/../lib/gcc/nios2-elf/4.1.2/../../../../nios2-elf/lib/mno-hw-mul\libc.a(lib_a-wsetup.o)
 .debug_pubnames
                0x00000615       0x1f c:/altera/13.0sp1/nios2eds/bin/gnu/h-i686-mingw32/bin/../lib/gcc/nios2-elf/4.1.2/../../../../nios2-elf/lib/mno-hw-mul\libc.a(lib_a-closer.o)
 .debug_pubnames
                0x00000634       0x1f c:/altera/13.0sp1/nios2eds/bin/gnu/h-i686-mingw32/bin/../lib/gcc/nios2-elf/4.1.2/../../../../nios2-elf/lib/mno-hw-mul\libc.a(lib_a-flags.o)
 .debug_pubnames
                0x00000653       0x20 c:/altera/13.0sp1/nios2eds/bin/gnu/h-i686-mingw32/bin/../lib/gcc/nios2-elf/4.1.2/../../../../nios2-elf/lib/mno-hw-mul\libc.a(lib_a-isattyr.o)
 .debug_pubnames
                0x00000673       0x1f c:/altera/13.0sp1/nios2eds/bin/gnu/h-i686-mingw32/bin/../lib/gcc/nios2-elf/4.1.2/../../../../nios2-elf/lib/mno-hw-mul\libc.a(lib_a-lseekr.o)
 .debug_pubnames
                0x00000692       0x1e c:/altera/13.0sp1/nios2eds/bin/gnu/h-i686-mingw32/bin/../lib/gcc/nios2-elf/4.1.2/../../../../nios2-elf/lib/mno-hw-mul\libc.a(lib_a-readr.o)
 .debug_pubnames
                0x000006b0       0x48 c:/altera/13.0sp1/nios2eds/bin/gnu/h-i686-mingw32/bin/../lib/gcc/nios2-elf/4.1.2/mno-hw-mul\libgcc.a(lib2-divmod.o)
 .debug_pubnames
                0x000006f8       0x1f c:/altera/13.0sp1/nios2eds/bin/gnu/h-i686-mingw32/bin/../lib/gcc/nios2-elf/4.1.2/mno-hw-mul\libgcc.a(lib2-mul.o)
 .debug_pubnames
                0x00000717       0x1c ../lcd_pixel_scan_bsp/\libhal_bsp.a(alt_close.o)
 .debug_pubnames
                0x00000733       0x63 ../lcd_pixel_scan_bsp/\libhal_bsp.a(alt_dev.o)
 .debug_pubnames
                0x00000796       0x20 ../lcd_pixel_scan_bsp/\libhal_bsp.a(alt_errno.o)
 .debug_pubnames
                0x000007b6       0x1c ../lcd_pixel_scan_bsp/\libhal_bsp.a(alt_fstat.o)
 .debug_pubnames
                0x000007d2       0x1d ../lcd_pixel_scan_bsp/\libhal_bsp.a(alt_isatty.o)
 .debug_pubnames
                0x000007ef       0x1f ../lcd_pixel_scan_bsp/\libhal_bsp.a(alt_load.o)
 .debug_pubnames
                0x0000080e       0x1c ../lcd_pixel_scan_bsp/\libhal_bsp.a(alt_lseek.o)
 .debug_pubnames
                0x0000082a       0x46 ../lcd_pixel_scan_bsp/\libhal_bsp.a(alt_main.o)
 .debug_pubnames
                0x00000870       0x38 ../lcd_pixel_scan_bsp/\libhal_bsp.a(alt_malloc_lock.o)
 .debug_pubnames
                0x000008a8       0x1b ../lcd_pixel_scan_bsp/\libhal_bsp.a(alt_open.o)
 .debug_pubnames
                0x000008c3       0x1b ../lcd_pixel_scan_bsp/\libhal_bsp.a(alt_read.o)
 .debug_pubnames
                0x000008de       0x25 ../lcd_pixel_scan_bsp/\libhal_bsp.a(alt_release_fd.o)
 .debug_pubnames
                0x00000903       0x1b ../lcd_pixel_scan_bsp/\libhal_bsp.a(alt_sbrk.o)
 .debug_pubnames
                0x0000091e       0x1c ../lcd_pixel_scan_bsp/\libhal_bsp.a(alt_write.o)
 .debug_pubnames
                0x0000093a       0x34 ../lcd_pixel_scan_bsp/\libhal_bsp.a(alt_sys_init.o)
 .debug_pubnames
                0x0000096e       0xa5 ../lcd_pixel_scan_bsp/\libhal_bsp.a(altera_avalon_jtag_uart_fd.o)
 .debug_pubnames
                0x00000a13       0x55 ../lcd_pixel_scan_bsp/\libhal_bsp.a(altera_avalon_jtag_uart_init.o)
 .debug_pubnames
                0x00000a68       0x34 ../lcd_pixel_scan_bsp/\libhal_bsp.a(altera_avalon_jtag_uart_ioctl.o)
 .debug_pubnames
                0x00000a9c       0x33 ../lcd_pixel_scan_bsp/\libhal_bsp.a(altera_avalon_jtag_uart_read.o)
 .debug_pubnames
                0x00000acf       0x34 ../lcd_pixel_scan_bsp/\libhal_bsp.a(altera_avalon_jtag_uart_write.o)
 .debug_pubnames
                0x00000b03       0x55 ../lcd_pixel_scan_bsp/\libhal_bsp.a(altera_avalon_lcd_16207.o)
 .debug_pubnames
                0x00000b58       0x37 ../lcd_pixel_scan_bsp/\libhal_bsp.a(altera_avalon_lcd_16207_fd.o)
 .debug_pubnames
                0x00000b8f       0x2f ../lcd_pixel_scan_bsp/\libhal_bsp.a(altera_avalon_timer_sc.o)
 .debug_pubnames
                0x00000bbe       0x26 ../lcd_pixel_scan_bsp/\libhal_bsp.a(alt_alarm_start.o)
 .debug_pubnames
                0x00000be4       0x2b ../lcd_pixel_scan_bsp/\libhal_bsp.a(alt_dcache_flush_all.o)
 .debug_pubnames
                0x00000c0f       0x2b ../lcd_pixel_scan_bsp/\libhal_bsp.a(alt_dev_llist_insert.o)
 .debug_pubnames
                0x00000c3a       0x20 ../lcd_pixel_scan_bsp/\libhal_bsp.a(alt_do_ctors.o)
 .debug_pubnames
                0x00000c5a       0x20 ../lcd_pixel_scan_bsp/\libhal_bsp.a(alt_do_dtors.o)
 .debug_pubnames
                0x00000c7a       0x23 ../lcd_pixel_scan_bsp/\libhal_bsp.a(alt_find_dev.o)
 .debug_pubnames
                0x00000c9d       0x24 ../lcd_pixel_scan_bsp/\libhal_bsp.a(alt_find_file.o)
 .debug_pubnames
                0x00000cc1       0x21 ../lcd_pixel_scan_bsp/\libhal_bsp.a(alt_get_fd.o)
 .debug_pubnames
                0x00000ce2       0x2b ../lcd_pixel_scan_bsp/\libhal_bsp.a(alt_icache_flush_all.o)
 .debug_pubnames
                0x00000d0d       0x6e ../lcd_pixel_scan_bsp/\libhal_bsp.a(alt_iic.o)
 .debug_pubnames